Component: Arm Compiler for Embedded 6.22 Tool: armlink [5ee90200]

==============================================================================

Section Cross References

    main.o(.text.main) refers to zf_common_clock.o(.text.clock_init) for clock_init
    main.o(.text.main) refers to zf_common_debug.o(.text.debug_init) for debug_init
    main.o(.text.main) refers to zf_device_st7789_1.o(.text.st7789_init) for st7789_init
    main.o(.text.main) refers to zf_device_st7789_1.o(.text.st7789_show_string) for st7789_show_string
    main.o(.text.main) refers to main.o(.rodata.str1.1) for [Anonymous Symbol]
    main.o(.ARM.exidx.text.main) refers to main.o(.text.main) for [Anonymous Symbol]
    isr.o(.text.TIMA0_IRQHandler) refers to zf_driver_pit.o(.bss.pit_callback_list) for pit_callback_list
    isr.o(.text.TIMA0_IRQHandler) refers to zf_driver_pit.o(.data.pit_callback_ptr_list) for pit_callback_ptr_list
    isr.o(.ARM.exidx.text.TIMA0_IRQHandler) refers to isr.o(.text.TIMA0_IRQHandler) for [Anonymous Symbol]
    isr.o(.text.TIMA1_IRQHandler) refers to zf_driver_pit.o(.bss.pit_callback_list) for pit_callback_list
    isr.o(.text.TIMA1_IRQHandler) refers to zf_driver_pit.o(.data.pit_callback_ptr_list) for pit_callback_ptr_list
    isr.o(.ARM.exidx.text.TIMA1_IRQHandler) refers to isr.o(.text.TIMA1_IRQHandler) for [Anonymous Symbol]
    isr.o(.text.TIMG0_IRQHandler) refers to zf_driver_pit.o(.bss.pit_callback_list) for pit_callback_list
    isr.o(.text.TIMG0_IRQHandler) refers to zf_driver_pit.o(.data.pit_callback_ptr_list) for pit_callback_ptr_list
    isr.o(.ARM.exidx.text.TIMG0_IRQHandler) refers to isr.o(.text.TIMG0_IRQHandler) for [Anonymous Symbol]
    isr.o(.text.TIMG6_IRQHandler) refers to zf_driver_pit.o(.bss.pit_callback_list) for pit_callback_list
    isr.o(.text.TIMG6_IRQHandler) refers to zf_driver_pit.o(.data.pit_callback_ptr_list) for pit_callback_ptr_list
    isr.o(.ARM.exidx.text.TIMG6_IRQHandler) refers to isr.o(.text.TIMG6_IRQHandler) for [Anonymous Symbol]
    isr.o(.text.TIMG7_IRQHandler) refers to zf_driver_pit.o(.bss.pit_callback_list) for pit_callback_list
    isr.o(.text.TIMG7_IRQHandler) refers to zf_driver_pit.o(.data.pit_callback_ptr_list) for pit_callback_ptr_list
    isr.o(.ARM.exidx.text.TIMG7_IRQHandler) refers to isr.o(.text.TIMG7_IRQHandler) for [Anonymous Symbol]
    isr.o(.text.TIMG8_IRQHandler) refers to zf_driver_pit.o(.bss.pit_callback_list) for pit_callback_list
    isr.o(.text.TIMG8_IRQHandler) refers to zf_driver_pit.o(.data.pit_callback_ptr_list) for pit_callback_ptr_list
    isr.o(.ARM.exidx.text.TIMG8_IRQHandler) refers to isr.o(.text.TIMG8_IRQHandler) for [Anonymous Symbol]
    isr.o(.text.TIMG12_IRQHandler) refers to zf_driver_pit.o(.bss.pit_callback_list) for pit_callback_list
    isr.o(.text.TIMG12_IRQHandler) refers to zf_driver_pit.o(.data.pit_callback_ptr_list) for pit_callback_ptr_list
    isr.o(.ARM.exidx.text.TIMG12_IRQHandler) refers to isr.o(.text.TIMG12_IRQHandler) for [Anonymous Symbol]
    isr.o(.text.UART0_IRQHandler) refers to isr.o(.text.DL_UART_getPendingInterrupt) for DL_UART_getPendingInterrupt
    isr.o(.text.UART0_IRQHandler) refers to zf_common_debug.o(.text.debug_interrupr_handler) for debug_interrupr_handler
    isr.o(.text.UART0_IRQHandler) refers to isr.o(.text.DL_UART_clearInterruptStatus) for DL_UART_clearInterruptStatus
    isr.o(.text.UART0_IRQHandler) refers to zf_driver_uart.o(.data.uart_callback_list) for uart_callback_list
    isr.o(.text.UART0_IRQHandler) refers to zf_driver_uart.o(.bss.uart_callback_ptr_list) for uart_callback_ptr_list
    isr.o(.ARM.exidx.text.UART0_IRQHandler) refers to isr.o(.text.UART0_IRQHandler) for [Anonymous Symbol]
    isr.o(.ARM.exidx.text.DL_UART_getPendingInterrupt) refers to isr.o(.text.DL_UART_getPendingInterrupt) for [Anonymous Symbol]
    isr.o(.ARM.exidx.text.DL_UART_clearInterruptStatus) refers to isr.o(.text.DL_UART_clearInterruptStatus) for [Anonymous Symbol]
    isr.o(.text.UART1_IRQHandler) refers to isr.o(.text.DL_UART_getPendingInterrupt) for DL_UART_getPendingInterrupt
    isr.o(.text.UART1_IRQHandler) refers to isr.o(.text.DL_UART_clearInterruptStatus) for DL_UART_clearInterruptStatus
    isr.o(.text.UART1_IRQHandler) refers to zf_driver_uart.o(.data.uart_callback_list) for uart_callback_list
    isr.o(.text.UART1_IRQHandler) refers to zf_driver_uart.o(.bss.uart_callback_ptr_list) for uart_callback_ptr_list
    isr.o(.text.UART1_IRQHandler) refers to zf_device_type.o(.data.wireless_module_uart_handler) for wireless_module_uart_handler
    isr.o(.ARM.exidx.text.UART1_IRQHandler) refers to isr.o(.text.UART1_IRQHandler) for [Anonymous Symbol]
    isr.o(.text.UART2_IRQHandler) refers to isr.o(.text.DL_UART_getPendingInterrupt) for DL_UART_getPendingInterrupt
    isr.o(.text.UART2_IRQHandler) refers to isr.o(.text.DL_UART_clearInterruptStatus) for DL_UART_clearInterruptStatus
    isr.o(.text.UART2_IRQHandler) refers to zf_driver_uart.o(.data.uart_callback_list) for uart_callback_list
[...]
    __arm_cp.0_0                             0x00005040   Number         4  zf_driver_delay.o(.text.system_delay_ms)
    __arm_cp.0_1                             0x00005044   Number         4  zf_driver_delay.o(.text.system_delay_ms)
    __arm_cp.0_2                             0x00005048   Number         4  zf_driver_delay.o(.text.system_delay_ms)
    __arm_cp.0_3                             0x0000504c   Number         4  zf_driver_delay.o(.text.system_delay_ms)
    type_default_callback                    0x00005051   Thumb Code     2  zf_device_type.o(.text.type_default_callback)
    [Anonymous Symbol]                       0x00005050   Section        0  zf_device_type.o(.text.type_default_callback)
    uart_callbakc_defalut                    0x00005053   Thumb Code    10  zf_driver_uart.o(.text.uart_callbakc_defalut)
    [Anonymous Symbol]                       0x00005052   Section        0  zf_driver_uart.o(.text.uart_callbakc_defalut)
    [Anonymous Symbol]                       0x0000505c   Section        0  zf_driver_uart.o(.text.uart_init)
    __arm_cp.14_1                            0x000051ac   Number         4  zf_driver_uart.o(.text.uart_init)
    __arm_cp.14_2                            0x000051b0   Number         4  zf_driver_uart.o(.text.uart_init)
    __arm_cp.14_3                            0x000051b4   Number         4  zf_driver_uart.o(.text.uart_init)
    __arm_cp.14_4                            0x000051b8   Number         4  zf_driver_uart.o(.text.uart_init)
    __arm_cp.14_5                            0x000051bc   Number         4  zf_driver_uart.o(.text.uart_init)
    __arm_cp.14_6                            0x000051c0   Number         4  zf_driver_uart.o(.text.uart_init)
    [Anonymous Symbol]                       0x000051c4   Section        0  zf_driver_uart.o(.text.uart_query_byte)
    [Anonymous Symbol]                       0x0000521c   Section        0  zf_driver_uart.o(.text.uart_set_interrupt_config)
    __arm_cp.11_1                            0x0000539c   Number         4  zf_driver_uart.o(.text.uart_set_interrupt_config)
    __arm_cp.11_2                            0x000053a0   Number         4  zf_driver_uart.o(.text.uart_set_interrupt_config)
    [Anonymous Symbol]                       0x000053a4   Section        0  zf_driver_uart.o(.text.uart_write_string)
    __arm_cp.5_0                             0x000053fc   Number         4  zf_driver_uart.o(.text.uart_write_string)
    __arm_cp.5_1                             0x00005400   Number         4  zf_driver_uart.o(.text.uart_write_string)
    i.__ARM_common_ll_muluu                  0x00005404   Section        0  btod.o(i.__ARM_common_ll_muluu)
    i.__ARM_fpclassify                       0x00005434   Section        0  fpclassify.o(i.__ARM_fpclassify)
    i._is_digit                              0x00005460   Section        0  __printf_wp.o(i._is_digit)
    locale$$code                             0x00005470   Section       44  lc_numeric_c.o(locale$$code)
    locale$$code                             0x0000549c   Section       44  lc_ctype_c.o(locale$$code)
    x$fpl$printf1                            0x000054c8   Section       16  printf1.o(x$fpl$printf1)
    x$fpl$printf2                            0x000054d8   Section       16  printf2.o(x$fpl$printf2)
    ddiv_reciptbl                            0x000054e8   Data         128  ddiv.o(.constdata)
    .constdata                               0x000054e8   Section      128  ddiv.o(.constdata)
    x$fpl$usenofp                            0x000054e8   Section        0  usenofp.o(x$fpl$usenofp)
    initial_mbstate                          0x00005568   Data           8  _printf_wctomb.o(.constdata)
    .constdata                               0x00005568   Section        8  _printf_wctomb.o(.constdata)
    uc_hextab                                0x00005570   Data          20  _printf_hex_int_ll_ptr.o(.constdata)
    .constdata                               0x00005570   Section       40  _printf_hex_int_ll_ptr.o(.constdata)
    lc_hextab                                0x00005584   Data          20  _printf_hex_int_ll_ptr.o(.constdata)
    maptable                                 0x00005598   Data          17  __printf_flags_ss_wp.o(.constdata)
    .constdata                               0x00005598   Section       17  __printf_flags_ss_wp.o(.constdata)
    lc_hextab                                0x000055a9   Data          19  _printf_fp_hex.o(.constdata)
    .constdata                               0x000055a9   Section       38  _printf_fp_hex.o(.constdata)
    uc_hextab                                0x000055bc   Data          19  _printf_fp_hex.o(.constdata)
    tenpwrs_x                                0x000055d0   Data          60  bigflt0.o(.constdata)
    .constdata                               0x000055d0   Section      148  bigflt0.o(.constdata)
    tenpwrs_i                                0x0000560c   Data          64  bigflt0.o(.constdata)
    gLFCLKConfig                             0x00005c54   Data           3  ti_msp_dl_config.o(.rodata.gLFCLKConfig)
    [Anonymous Symbol]                       0x00005c54   Section        0  ti_msp_dl_config.o(.rodata.gLFCLKConfig)
    gSYSPLLConfig                            0x00005c58   Data          40  ti_msp_dl_config.o(.rodata.gSYSPLLConfig)
    [Anonymous Symbol]                       0x00005c58   Section        0  ti_msp_dl_config.o(.rodata.gSYSPLLConfig)
    gVREFConfig                              0x00005c80   Data          12  ti_msp_dl_config.o(.rodata.gVREFConfig)
    [Anonymous Symbol]                       0x00005c80   Section        0  ti_msp_dl_config.o(.rodata.gVREFConfig)
    [Anonymous Symbol]                       0x00005cc8   Section        0  main.o(.rodata.str1.1)
    [Anonymous Symbol]                       0x00005cdb   Section        0  zf_common_debug.o(.rodata.str1.1)
    [Anonymous Symbol]                       0x00005d41   Section        0  zf_common_fifo.o(.rodata.str1.1)
    [Anonymous Symbol]                       0x00005d6c   Section        0  zf_driver_gpio.o(.rodata.str1.1)
    [Anonymous Symbol]                       0x00005d97   Section        0  zf_driver_spi.o(.rodata.str1.1)
    [Anonymous Symbol]                       0x00005dc1   Section        0  zf_driver_uart.o(.rodata.str1.1)
    [Anonymous Symbol]                       0x00005dec   Section        0  zf_device_st7789_1.o(.rodata.str1.1)
    uart_init.uart_clock_config              0x00005e19   Data           2  zf_driver_uart.o(.rodata.uart_init.uart_clock_config)
    [Anonymous Symbol]                       0x00005e19   Section        0  zf_driver_uart.o(.rodata.uart_init.uart_clock_config)
    uart_init.uart_default_config            0x00005e1c   Data          10  zf_driver_uart.o(.rodata.uart_init.uart_default_config)
    [Anonymous Symbol]                       0x00005e1c   Section        0  zf_driver_uart.o(.rodata.uart_init.uart_default_config)
    locale$$data                             0x00005e48   Section       28  lc_numeric_c.o(locale$$data)
    __lcnum_c_name                           0x00005e4c   Data           2  lc_numeric_c.o(locale$$data)
    __lcnum_c_start                          0x00005e54   Data           0  lc_numeric_c.o(locale$$data)
    __lcnum_c_point                          0x00005e60   Data           0  lc_numeric_c.o(locale$$data)
    __lcnum_c_thousands                      0x00005e62   Data           0  lc_numeric_c.o(locale$$data)
    __lcnum_c_grouping                       0x00005e63   Data           0  lc_numeric_c.o(locale$$data)
    __lcnum_c_end                            0x00005e64   Data           0  lc_numeric_c.o(locale$$data)
    locale$$data                             0x00005e64   Section      272  lc_ctype_c.o(locale$$data)
    __lcctype_c_name                         0x00005e68   Data           2  lc_ctype_c.o(locale$$data)
    __lcctype_c_start                        0x00005e70   Data           0  lc_ctype_c.o(locale$$data)
    __lcctype_c_end                          0x00005f74   Data           0  lc_ctype_c.o(locale$$data)
    spi_list                                 0x202000a4   Data           8  zf_driver_spi.o(.data.spi_list)
    [Anonymous Symbol]                       0x202000a4   Section        0  zf_driver_spi.o(.data.spi_list)
    st7789_bgcolor                           0x202000ac   Data           2  zf_device_st7789_1.o(.data.st7789_bgcolor)
    [Anonymous Symbol]                       0x202000ac   Section        0  zf_device_st7789_1.o(.data.st7789_bgcolor)
    st7789_display_font                      0x202000ae   Data           1  zf_device_st7789_1.o(.data.st7789_display_font)
    [Anonymous Symbol]                       0x202000ae   Section        0  zf_device_st7789_1.o(.data.st7789_display_font)
    st7789_height_max                        0x202000b0   Data           2  zf_device_st7789_1.o(.data.st7789_height_max)
    [Anonymous Symbol]                       0x202000b0   Section        0  zf_device_st7789_1.o(.data.st7789_height_max)
    st7789_pencolor                          0x202000b2   Data           2  zf_device_st7789_1.o(.data.st7789_pencolor)
    [Anonymous Symbol]                       0x202000b2   Section        0  zf_device_st7789_1.o(.data.st7789_pencolor)
    st7789_width_max                         0x202000b4   Data           2  zf_device_st7789_1.o(.data.st7789_width_max)
    [Anonymous Symbol]                       0x202000b4   Section        0  zf_device_st7789_1.o(.data.st7789_width_max)
    uart_irq                                 0x202000c8   Data           4  zf_driver_uart.o(.data.uart_irq)
    [Anonymous Symbol]                       0x202000c8   Section        0  zf_driver_uart.o(.data.uart_irq)
    uart_list                                0x202000cc   Data          16  zf_driver_uart.o(.data.uart_list)
    [Anonymous Symbol]                       0x202000cc   Section        0  zf_driver_uart.o(.data.uart_list)
    zf_debug_assert_enable                   0x202000e0   Data           1  zf_common_debug.o(.data.zf_debug_assert_enable)
    [Anonymous Symbol]                       0x202000e0   Section        0  zf_common_debug.o(.data.zf_debug_assert_enable)
    .bss                                     0x202000e8   Section       96  libspace.o(.bss)
    debug_assert_handler.assert_nest_index   0x20200148   Data           1  zf_common_debug.o(.bss.debug_assert_handler.assert_nest_index)
    [Anonymous Symbol]                       0x20200148   Section        0  zf_common_debug.o(.bss.debug_assert_handler.assert_nest_index)
    debug_output_info                        0x2020014c   Data          20  zf_common_debug.o(.bss.debug_output_info)
    [Anonymous Symbol]                       0x2020014c   Section        0  zf_common_debug.o(.bss.debug_output_info)
    interrupt_nest_count                     0x20200238   Data           4  zf_common_interrupt.o(.bss.interrupt_nest_count)
    [Anonymous Symbol]                       0x20200238   Section        0  zf_common_interrupt.o(.bss.interrupt_nest_count)
    st7789_display_dir                       0x20200258   Data           1  zf_device_st7789_1.o(.bss.st7789_display_dir)
    [Anonymous Symbol]                       0x20200258   Section        0  zf_device_st7789_1.o(.bss.st7789_display_dir)
    uart_interrupt_state                     0x2020026c   Data           4  zf_driver_uart.o(.bss.uart_interrupt_state)
    [Anonymous Symbol]                       0x2020026c   Section        0  zf_driver_uart.o(.bss.uart_interrupt_state)
    zf_debug_init_flag                       0x20200270   Data           1  zf_common_debug.o(.bss.zf_debug_init_flag)
    [Anonymous Symbol]                       0x20200270   Section        0  zf_common_debug.o(.bss.zf_debug_init_flag)
    Heap_Mem                                 0x20200278   Data        1024  startup_mspm0g350x_uvision.o(HEAP)
    HEAP                                     0x20200278   Section     1024  startup_mspm0g350x_uvision.o(HEAP)
    Stack_Mem                                0x20200678   Data        1024  startup_mspm0g350x_uvision.o(STACK)
    STACK                                    0x20200678   Section     1024  startup_mspm0g350x_uvision.o(STACK)
    __initial_sp                             0x20200a78   Data           0  startup_mspm0g350x_uvision.o(STACK)

    Global Symbols

    Symbol Name                              Value     Ov Type        Size  Object(Section)

    BuildAttributes$$THM_ISAv3M$S$PE$A:L22$X:L11$S22$IEEE1$IW$~IW$USESV6$~STKCKD$USESV7$~SHL$OTIME$ROPI$IEEEX$EBA8$UX$STANDARDLIB$REQ8$PRES8$EABIv2 0x00000000   Number         0  anon$$obj.o ABSOLUTE
    __Vectors                                0x00000000   Data           4  startup_mspm0g350x_uvision.o(RESET)
    _printf_flags                            0x00000000   Number         0  printf_stubs.o ABSOLUTE
    _printf_return_value                     0x00000000   Number         0  printf_stubs.o ABSOLUTE
    _printf_sizespec                         0x00000000   Number         0  printf_stubs.o ABSOLUTE
    _printf_widthprec                        0x00000000   Number         0  printf_stubs.o ABSOLUTE
    __ARM_exceptions_init                     - Undefined Weak Reference
    __alloca_initialize                       - Undefined Weak Reference
    __arm_preinit_                            - Undefined Weak Reference
    __arm_relocate_pie_                       - Undefined Weak Reference
    __cpp_initialize__aeabi_                  - Undefined Weak Reference
    __cxa_finalize                            - Undefined Weak Reference
    __sigvec_lookup                           - Undefined Weak Reference
    _atexit_init                              - Undefined Weak Reference
    _call_atexit_fns                          - Undefined Weak Reference
    _clock_init                               - Undefined Weak Reference
    _fp_trap_init                             - Undefined Weak Reference
    _fp_trap_shutdown                         - Undefined Weak Reference
    _get_lc_collate                           - Undefined Weak Reference
    _get_lc_monetary                          - Undefined Weak Reference
    _get_lc_time                              - Undefined Weak Reference
    _getenv_init                              - Undefined Weak Reference
    _handle_redirection                       - Undefined Weak Reference
    _init_alloc                               - Undefined Weak Reference
    _init_user_alloc                          - Undefined Weak Reference
    _initio                                   - Undefined Weak Reference
    _printf_mbtowc                            - Undefined Weak Reference
    _printf_wc                                - Undefined Weak Reference
    _rand_init                                - Undefined Weak Reference
    _signal_finish                            - Undefined Weak Reference
    _signal_init                              - Undefined Weak Reference
    _terminate_alloc                          - Undefined Weak Reference
    _terminate_user_alloc                     - Undefined Weak Reference
    _terminateio                              - Undefined Weak Reference
    __Vectors_End                            0x000000c0   Data           0  startup_mspm0g350x_uvision.o(RESET)
    __Vectors_Size                           0x000000c0   Number         0  startup_mspm0g350x_uvision.o ABSOLUTE
    __main                                   0x000000c1   Thumb Code     8  __main.o(!!!main)
    __scatterload                            0x000000c9   Thumb Code     0  __scatter.o(!!!scatter)
    __scatterload_rt2                        0x000000c9   Thumb Code    74  __scatter.o(!!!scatter)
    __scatterload_rt2_thumb_only             0x000000c9   Thumb Code     0  __scatter.o(!!!scatter)
    __scatterload_loop                       0x000000d3   Thumb Code     0  __scatter.o(!!!scatter)
    __scatterload_copy                       0x00000121   Thumb Code    26  __scatter_copy.o(!!handler_copy)
    __scatterload_null                       0x00000141   Thumb Code     2  __scatter.o(!!handler_null)
    __scatterload_zeroinit                   0x00000149   Thumb Code    28  __scatter_zi.o(!!handler_zi)
    _printf_percent                          0x00000165   Thumb Code     0  _printf_percent.o(.ARM.Collect$$_printf_percent$$00000000)
    _printf_n                                0x00000167   Thumb Code     0  _printf_n.o(.ARM.Collect$$_printf_percent$$00000001)
    _printf_p                                0x00000171   Thumb Code     0  _printf_p.o(.ARM.Collect$$_printf_percent$$00000002)
    _printf_f                                0x0000017b   Thumb Code     0  _printf_f.o(.ARM.Collect$$_printf_percent$$00000003)
    _printf_e                                0x00000185   Thumb Code     0  _printf_e.o(.ARM.Collect$$_printf_percent$$00000004)
    _printf_g                                0x0000018f   Thumb Code     0  _printf_g.o(.ARM.Collect$$_printf_percent$$00000005)
    _printf_a                                0x00000199   Thumb Code     0  _printf_a.o(.ARM.Collect$$_printf_percent$$00000006)
    _printf_ll                               0x000001a3   Thumb Code     0  _printf_ll.o(.ARM.Collect$$_printf_percent$$00000007)
    _printf_i                                0x000001ad   Thumb Code     0  _printf_i.o(.ARM.Collect$$_printf_percent$$00000008)
    _printf_d                                0x000001b7   Thumb Code     0  _printf_d.o(.ARM.Collect$$_printf_percent$$00000009)
    _printf_u                                0x000001c1   Thumb Code     0  _printf_u.o(.ARM.Collect$$_printf_percent$$0000000A)
    _printf_o                                0x000001cb   Thumb Code     0  _printf_o.o(.ARM.Collect$$_printf_percent$$0000000B)
    _printf_x                                0x000001d5   Thumb Code     0  _printf_x.o(.ARM.Collect$$_printf_percent$$0000000C)
    _printf_lli                              0x000001df   Thumb Code     0  _printf_lli.o(.ARM.Collect$$_printf_percent$$0000000D)
    _printf_lld                              0x000001e9   Thumb Code     0  _printf_lld.o(.ARM.Collect$$_printf_percent$$0000000E)
    _printf_llu                              0x000001f3   Thumb Code     0  _printf_llu.o(.ARM.Collect$$_printf_percent$$0000000F)
    _printf_llo                              0x000001fd   Thumb Code     0  _printf_llo.o(.ARM.Collect$$_printf_percent$$00000010)
    _printf_llx                              0x00000207   Thumb Code     0  _printf_llx.o(.ARM.Collect$$_printf_percent$$00000011)
    _printf_l                                0x00000211   Thumb Code     0  _printf_l.o(.ARM.Collect$$_printf_percent$$00000012)
    _printf_c                                0x0000021b   Thumb Code     0  _printf_c.o(.ARM.Collect$$_printf_percent$$00000013)
    _printf_s                                0x00000225   Thumb Code     0  _printf_s.o(.ARM.Collect$$_printf_percent$$00000014)
    _printf_lc                               0x0000022f   Thumb Code     0  _printf_lc.o(.ARM.Collect$$_printf_percent$$00000015)
    _printf_ls                               0x00000239   Thumb Code     0  _printf_ls.o(.ARM.Collect$$_printf_percent$$00000016)
    _printf_percent_end                      0x00000243   Thumb Code     0  _printf_percent_end.o(.ARM.Collect$$_printf_percent$$00000017)
    __rt_lib_init                            0x00000247   Thumb Code     0  libinit.o(.ARM.Collect$$libinit$$00000000)
    __rt_lib_init_fp_1                       0x00000249   Thumb Code     0  libinit2.o(.ARM.Collect$$libinit$$00000002)
    __rt_lib_init_heap_1                     0x00000249   Thumb Code     0  libinit2.o(.ARM.Collect$$libinit$$0000000C)
    __rt_lib_init_lc_common                  0x00000249   Thumb Code     0  libinit2.o(.ARM.Collect$$libinit$$00000011)
    __rt_lib_init_preinit_1                  0x00000249   Thumb Code     0  libinit2.o(.ARM.Collect$$libinit$$00000006)
    __rt_lib_init_rand_1                     0x00000249   Thumb Code     0  libinit2.o(.ARM.Collect$$libinit$$00000010)
    __rt_lib_init_relocate_pie_1             0x00000249   Thumb Code     0  libinit2.o(.ARM.Collect$$libinit$$00000004)
    __rt_lib_init_user_alloc_1               0x00000249   Thumb Code     0  libinit2.o(.ARM.Collect$$libinit$$0000000E)
    __rt_lib_init_lc_collate_1               0x0000024f   Thumb Code     0  libinit2.o(.ARM.Collect$$libinit$$00000013)
    __rt_lib_init_lc_ctype_2                 0x0000024f   Thumb Code     0  libinit2.o(.ARM.Collect$$libinit$$00000014)
    __rt_lib_init_lc_ctype_1                 0x0000025b   Thumb Code     0  libinit2.o(.ARM.Collect$$libinit$$00000015)
    __rt_lib_init_lc_monetary_1              0x0000025b   Thumb Code     0  libinit2.o(.ARM.Collect$$libinit$$00000017)
    __rt_lib_init_lc_numeric_2               0x0000025b   Thumb Code     0  libinit2.o(.ARM.Collect$$libinit$$00000018)
    __rt_lib_init_alloca_1                   0x00000265   Thumb Code     0  libinit2.o(.ARM.Collect$$libinit$$00000030)
    __rt_lib_init_argv_1                     0x00000265   Thumb Code     0  libinit2.o(.ARM.Collect$$libinit$$0000002E)
    __rt_lib_init_atexit_1                   0x00000265   Thumb Code     0  libinit2.o(.ARM.Collect$$libinit$$0000001D)
    __rt_lib_init_clock_1                    0x00000265   Thumb Code     0  libinit2.o(.ARM.Collect$$libinit$$00000023)
    __rt_lib_init_cpp_1                      0x00000265   Thumb Code     0  libinit2.o(.ARM.Collect$$libinit$$00000034)
    __rt_lib_init_exceptions_1               0x00000265   Thumb Code     0  libinit2.o(.ARM.Collect$$libinit$$00000032)
    __rt_lib_init_fp_trap_1                  0x00000265   Thumb Code     0  libinit2.o(.ARM.Collect$$libinit$$00000021)
    __rt_lib_init_getenv_1                   0x00000265   Thumb Code     0  libinit2.o(.ARM.Collect$$libinit$$00000025)
    __rt_lib_init_lc_numeric_1               0x00000265   Thumb Code     0  libinit2.o(.ARM.Collect$$libinit$$00000019)
    __rt_lib_init_lc_time_1                  0x00000265   Thumb Code     0  libinit2.o(.ARM.Collect$$libinit$$0000001B)
    __rt_lib_init_return                     0x00000265   Thumb Code     0  libinit2.o(.ARM.Collect$$libinit$$00000035)
    __rt_lib_init_signal_1                   0x00000265   Thumb Code     0  libinit2.o(.ARM.Collect$$libinit$$0000001F)
    __rt_lib_init_stdio_1                    0x00000265   Thumb Code     0  libinit2.o(.ARM.Collect$$libinit$$00000027)
    __rt_lib_shutdown                        0x00000267   Thumb Code     0  libshutdown.o(.ARM.Collect$$libshutdown$$00000000)
    __rt_lib_shutdown_cpp_1                  0x00000269   Thumb Code     0  libshutdown2.o(.ARM.Collect$$libshutdown$$00000002)
    __rt_lib_shutdown_fp_trap_1              0x00000269   Thumb Code     0  libshutdown2.o(.ARM.Collect$$libshutdown$$00000007)
    __rt_lib_shutdown_heap_1                 0x00000269   Thumb Code     0  libshutdown2.o(.ARM.Collect$$libshutdown$$0000000F)
    __rt_lib_shutdown_return                 0x00000269   Thumb Code     0  libshutdown2.o(.ARM.Collect$$libshutdown$$00000010)
    __rt_lib_shutdown_signal_1               0x00000269   Thumb Code     0  libshutdown2.o(.ARM.Collect$$libshutdown$$0000000A)
    __rt_lib_shutdown_stdio_1                0x00000269   Thumb Code     0  libshutdown2.o(.ARM.Collect$$libshutdown$$00000004)
    __rt_lib_shutdown_user_alloc_1           0x00000269   Thumb Code     0  libshutdown2.o(.ARM.Collect$$libshutdown$$0000000C)
    __rt_entry                               0x0000026b   Thumb Code     0  __rtentry.o(.ARM.Collect$$rtentry$$00000000)
    __rt_entry_presh_1                       0x0000026b   Thumb Code     0  __rtentry2.o(.ARM.Collect$$rtentry$$00000002)
    __rt_entry_sh                            0x0000026b   Thumb Code     0  __rtentry4.o(.ARM.Collect$$rtentry$$00000004)
    __rt_entry_li                            0x00000271   Thumb Code     0  __rtentry2.o(.ARM.Collect$$rtentry$$0000000A)
    __rt_entry_postsh_1                      0x00000271   Thumb Code     0  __rtentry2.o(.ARM.Collect$$rtentry$$00000009)
    __rt_entry_main                          0x00000275   Thumb Code     0  __rtentry2.o(.ARM.Collect$$rtentry$$0000000D)
    __rt_entry_postli_1                      0x00000275   Thumb Code     0  __rtentry2.o(.ARM.Collect$$rtentry$$0000000C)
    __rt_exit                                0x0000027d   Thumb Code     0  rtexit.o(.ARM.Collect$$rtexit$$00000000)
    __rt_exit_ls                             0x0000027f   Thumb Code     0  rtexit2.o(.ARM.Collect$$rtexit$$00000003)
    __rt_exit_prels_1                        0x0000027f   Thumb Code     0  rtexit2.o(.ARM.Collect$$rtexit$$00000002)
    __rt_exit_exit                           0x00000283   Thumb Code     0  rtexit2.o(.ARM.Collect$$rtexit$$00000004)
    __aeabi_memcpy4                          0x00000289   Thumb Code    56  rt_memcpy.o(.emb_text)
    __aeabi_memcpy8                          0x00000289   Thumb Code     0  rt_memcpy.o(.emb_text)
    Reset_Handler                            0x000002c1   Thumb Code     4  startup_mspm0g350x_uvision.o(.text)
    NMI_Handler                              0x000002c5   Thumb Code     2  startup_mspm0g350x_uvision.o(.text)
    HardFault_Handler                        0x000002c7   Thumb Code     2  startup_mspm0g350x_uvision.o(.text)
    SVC_Handler                              0x000002c9   Thumb Code     2  startup_mspm0g350x_uvision.o(.text)
    PendSV_Handler                           0x000002cb   Thumb Code     2  startup_mspm0g350x_uvision.o(.text)
    SysTick_Handler                          0x000002cd   Thumb Code     2  startup_mspm0g350x_uvision.o(.text)
    ADC0_IRQHandler                          0x000002cf   Thumb Code     0  startup_mspm0g350x_uvision.o(.text)
    ADC1_IRQHandler                          0x000002cf   Thumb Code     0  startup_mspm0g350x_uvision.o(.text)
    AES_IRQHandler                           0x000002cf   Thumb Code     0  startup_mspm0g350x_uvision.o(.text)
    CANFD0_IRQHandler                        0x000002cf   Thumb Code     0  startup_mspm0g350x_uvision.o(.text)
    DAC0_IRQHandler                          0x000002cf   Thumb Code     0  startup_mspm0g350x_uvision.o(.text)
    DMA_IRQHandler                           0x000002cf   Thumb Code     0  startup_mspm0g350x_uvision.o(.text)
    Default_Handler                          0x000002cf   Thumb Code     2  startup_mspm0g350x_uvision.o(.text)
    GROUP0_IRQHandler                        0x000002cf   Thumb Code     0  startup_mspm0g350x_uvision.o(.text)
    I2C0_IRQHandler                          0x000002cf   Thumb Code     0  startup_mspm0g350x_uvision.o(.text)
    I2C1_IRQHandler                          0x000002cf   Thumb Code     0  startup_mspm0g350x_uvision.o(.text)
    RTC_IRQHandler                           0x000002cf   Thumb Code     0  startup_mspm0g350x_uvision.o(.text)
    SPI0_IRQHandler                          0x000002cf   Thumb Code     0  startup_mspm0g350x_uvision.o(.text)
    SPI1_IRQHandler                          0x000002cf   Thumb Code     0  startup_mspm0g350x_uvision.o(.text)
    __user_initial_stackheap                 0x000002d1   Thumb Code    10  startup_mspm0g350x_uvision.o(.text)
    sprintf                                  0x000002f1   Thumb Code    40  sprintf.o(.text)
    strlen                                   0x0000031d   Thumb Code    62  strlen.o(.text)
    __aeabi_memcpy                           0x00000361   Thumb Code   130  rt_memcpy.o(.text)
    __rt_memcpy                              0x00000361   Thumb Code     0  rt_memcpy.o(.text)
    _memset_w                                0x000003e3   Thumb Code    26  rt_memclr.o(.text)
    _memset                                  0x000003fd   Thumb Code    30  rt_memclr.o(.text)
    __aeabi_memclr                           0x0000041b   Thumb Code     4  rt_memclr.o(.text)
    __rt_memclr                              0x0000041b   Thumb Code     0  rt_memclr.o(.text)
    __aeabi_memclr4                          0x0000041f   Thumb Code     0  rt_memclr.o(.text)
    __aeabi_memclr8                          0x0000041f   Thumb Code     0  rt_memclr.o(.text)
    __rt_memclr_w                            0x0000041f   Thumb Code     4  rt_memclr.o(.text)
    __aeabi_uidiv                            0x00000425   Thumb Code     0  aeabi_sdiv.o(.text)
    __aeabi_uidivmod                         0x00000425   Thumb Code    20  aeabi_sdiv.o(.text)
    __aeabi_idiv                             0x00000439   Thumb Code     0  aeabi_sdiv.o(.text)
    __aeabi_idivmod                          0x00000439   Thumb Code   338  aeabi_sdiv.o(.text)
    __use_two_region_memory                  0x00000591   Thumb Code     2  heapauxi.o(.text)
    __rt_heap_escrow$2region                 0x00000593   Thumb Code     2  heapauxi.o(.text)
    __rt_heap_expand$2region                 0x00000595   Thumb Code     2  heapauxi.o(.text)
    __adddf3                                 0x00000891   Thumb Code     0  daddsub.o(.text)
    __aeabi_dadd                             0x00000891   Thumb Code     0  daddsub.o(.text)
    _dadd                                    0x00000891   Thumb Code    26  daddsub.o(.text)
    __aeabi_dsub                             0x000008ab   Thumb Code     0  daddsub.o(.text)
    __subdf3                                 0x000008ab   Thumb Code     0  daddsub.o(.text)
    _dsub                                    0x000008ab   Thumb Code    22  daddsub.o(.text)
    __aeabi_drsub                            0x000008c1   Thumb Code     0  daddsub.o(.text)
    _drsb                                    0x000008c1   Thumb Code    28  daddsub.o(.text)
    __aeabi_ddiv                             0x000008f1   Thumb Code     0  ddiv.o(.text)
    __divdf3                                 0x000008f1   Thumb Code     0  ddiv.o(.text)
    _ddiv                                    0x000008f1   Thumb Code  1072  ddiv.o(.text)
    _drdiv                                   0x00000d21   Thumb Code    20  ddiv.o(.text)
    __aeabi_d2iz                             0x00000d39   Thumb Code     0  dfixi.o(.text)
    _dfix                                    0x00000d39   Thumb Code    98  dfixi.o(.text)
    __aeabi_i2d_normalise                    0x00000da5   Thumb Code    66  dflti.o(.text)
    __aeabi_i2d                              0x00000de7   Thumb Code    16  dflti.o(.text)
    _dflt                                    0x00000de7   Thumb Code     0  dflti.o(.text)
    __aeabi_ui2d                             0x00000df7   Thumb Code     6  dflti.o(.text)
    _dfltu                                   0x00000df7   Thumb Code     0  dflti.o(.text)
    __aeabi_dmul                             0x00000dfd   Thumb Code     0  dmul.o(.text)
    __muldf3                                 0x00000dfd   Thumb Code     0  dmul.o(.text)
    _dmul                                    0x00000dfd   Thumb Code   558  dmul.o(.text)
    _printf_pre_padding                      0x00001045   Thumb Code    44  _printf_pad.o(.text)
    _printf_post_padding                     0x00001071   Thumb Code    34  _printf_pad.o(.text)
    _printf_truncate_signed                  0x00001093   Thumb Code    18  _printf_truncate.o(.text)
    _printf_truncate_unsigned                0x000010a5   Thumb Code    18  _printf_truncate.o(.text)
    _printf_str                              0x000010b7   Thumb Code    82  _printf_str.o(.text)
    _printf_int_dec                          0x00001109   Thumb Code    90  _printf_dec.o(.text)
    _printf_charcount                        0x00001175   Thumb Code    38  _printf_charcount.o(.text)
    _printf_char_common                      0x000011a7   Thumb Code    32  _printf_char_common.o(.text)
    _sputc                                   0x000011cd   Thumb Code    10  _sputc.o(.text)
    _printf_wctomb                           0x000011d9   Thumb Code   182  _printf_wctomb.o(.text)
    _printf_longlong_dec                     0x00001295   Thumb Code    94  _printf_longlong_dec.o(.text)
    _printf_longlong_oct                     0x00001305   Thumb Code    68  _printf_oct_int_ll.o(.text)
    _printf_int_oct                          0x00001349   Thumb Code    24  _printf_oct_int_ll.o(.text)
    _printf_ll_oct                           0x00001361   Thumb Code    10  _printf_oct_int_ll.o(.text)
    _printf_longlong_hex                     0x00001375   Thumb Code    88  _printf_hex_int_ll_ptr.o(.text)
    _printf_int_hex                          0x000013cd   Thumb Code    28  _printf_hex_int_ll_ptr.o(.text)
    _printf_ll_hex                           0x000013e9   Thumb Code    10  _printf_hex_int_ll_ptr.o(.text)
    _printf_hex_ptr                          0x000013f3   Thumb Code    22  _printf_hex_int_ll_ptr.o(.text)
    __printf                                 0x0000140d   Thumb Code   386  __printf_flags_ss_wp.o(.text)
    _ll_udiv10                               0x00001595   Thumb Code   122  lludiv10.o(.text)
    _printf_int_common                       0x0000160f   Thumb Code   176  _printf_intcommon.o(.text)
    _printf_fp_dec_real                      0x0000185d   Thumb Code   620  _printf_fp_dec.o(.text)
    _printf_fp_hex_real                      0x00001ad5   Thumb Code   718  _printf_fp_hex.o(.text)
    _printf_cs_common                        0x00001dad   Thumb Code    22  _printf_char.o(.text)
    _printf_char                             0x00001dc3   Thumb Code    16  _printf_char.o(.text)
    _printf_string                           0x00001dd3   Thumb Code     8  _printf_char.o(.text)
    _printf_lcs_common                       0x00001ddb   Thumb Code    22  _printf_wchar.o(.text)
    _printf_wchar                            0x00001df1   Thumb Code    16  _printf_wchar.o(.text)
    _printf_wstring                          0x00001e01   Thumb Code     8  _printf_wchar.o(.text)
    _c16rtomb                                0x00001e09   Thumb Code    66  _c16rtomb.o(.text)
    _wcrtomb                                 0x00001e09   Thumb Code     0  _c16rtomb.o(.text)
    __rt_udiv10                              0x00001e4b   Thumb Code    40  rtudiv10.o(.text)
    __user_libspace                          0x00001e75   Thumb Code     8  libspace.o(.text)
    __user_perproc_libspace                  0x00001e75   Thumb Code     0  libspace.o(.text)
    __user_perthread_libspace                0x00001e75   Thumb Code     0  libspace.o(.text)
    __user_setup_stackheap                   0x00001e7d   Thumb Code    62  sys_stackheap_outer.o(.text)
    __rt_ctype_table                         0x00001ebd   Thumb Code    16  rt_ctype_table.o(.text)
    __rt_locale                              0x00001ecd   Thumb Code     8  rt_locale_intlibspace.o(.text)
    _printf_fp_infnan                        0x00001ed5   Thumb Code   120  _printf_fp_infnan.o(.text)
    _btod_etento                             0x00001f5d   Thumb Code   210  bigflt0.o(.text)
    _btod_d2e                                0x00002035   Thumb Code    64  btod.o(.text)
    _btod_emul                               0x00002469   Thumb Code    28  btod.o(.text)
    _btod_emuld                              0x00002485   Thumb Code   144  btod.o(.text)
    _btod_ediv                               0x00002515   Thumb Code    26  btod.o(.text)
    _btod_edivd                              0x0000252f   Thumb Code   124  btod.o(.text)
    exit                                     0x000025b5   Thumb Code    16  exit.o(.text)
    strcmp                                   0x000025c5   Thumb Code   132  strcmp.o(.text)
    DL_Common_delayCycles                    0x00002671   Thumb Code    20  dl_common.o(.text.DL_Common_delayCycles)
    DL_SPI_init                              0x000028b1   Thumb Code    64  dl_spi.o(.text.DL_SPI_init)
    DL_SPI_setClockConfig                    0x00002935   Thumb Code    32  dl_spi.o(.text.DL_SPI_setClockConfig)
    DL_SYSCTL_configSYSPLL                   0x00002989   Thumb Code   212  ti_msp_dl_config.o(.text.DL_SYSCTL_configSYSPLL)
    DL_SYSCTL_setHFCLKSourceHFXTParams       0x00002b0d   Thumb Code   160  ti_msp_dl_config.o(.text.DL_SYSCTL_setHFCLKSourceHFXTParams)
    DL_SYSCTL_setLFCLKSourceLFXT             0x00002bbd   Thumb Code    76  ti_msp_dl_config.o(.text.DL_SYSCTL_setLFCLKSourceLFXT)
    DL_SYSCTL_switchMCLKfromSYSOSCtoHSCLK    0x00002c61   Thumb Code    32  ti_msp_dl_config.o(.text.DL_SYSCTL_switchMCLKfromSYSOSCtoHSCLK)
    DL_UART_init                             0x00002d85   Thumb Code    68  dl_uart.o(.text.DL_UART_init)
    DL_UART_setClockConfig                   0x00002e69   Thumb Code    32  dl_uart.o(.text.DL_UART_setClockConfig)
    DL_VREF_configReference                  0x00002ec1   Thumb Code    48  dl_vref.o(.text.DL_VREF_configReference)
    GROUP1_IRQHandler                        0x00002f49   Thumb Code   224  isr.o(.text.GROUP1_IRQHandler)
    SYSCFG_DL_GPIO_init                      0x00003039   Thumb Code   120  ti_msp_dl_config.o(.text.SYSCFG_DL_GPIO_init)
    SYSCFG_DL_SYSCTL_init                    0x000030b1   Thumb Code    96  ti_msp_dl_config.o(.text.SYSCFG_DL_SYSCTL_init)
    SYSCFG_DL_SYSTICK_init                   0x00003119   Thumb Code    14  ti_msp_dl_config.o(.text.SYSCFG_DL_SYSTICK_init)
    SYSCFG_DL_VREF_init                      0x00003129   Thumb Code    12  ti_msp_dl_config.o(.text.SYSCFG_DL_VREF_init)
    SYSCFG_DL_init                           0x00003139   Thumb Code    24  ti_msp_dl_config.o(.text.SYSCFG_DL_init)
    SYSCFG_DL_initPower                      0x00003151   Thumb Code    56  ti_msp_dl_config.o(.text.SYSCFG_DL_initPower)
    TIMA0_IRQHandler                         0x00003195   Thumb Code    16  isr.o(.text.TIMA0_IRQHandler)
    TIMA1_IRQHandler                         0x000031a5   Thumb Code    16  isr.o(.text.TIMA1_IRQHandler)
    TIMG0_IRQHandler                         0x000031b5   Thumb Code    16  isr.o(.text.TIMG0_IRQHandler)
    TIMG12_IRQHandler                        0x000031c5   Thumb Code    16  isr.o(.text.TIMG12_IRQHandler)
    TIMG6_IRQHandler                         0x000031d5   Thumb Code    16  isr.o(.text.TIMG6_IRQHandler)
    TIMG7_IRQHandler                         0x000031e5   Thumb Code    16  isr.o(.text.TIMG7_IRQHandler)
    TIMG8_IRQHandler                         0x000031f5   Thumb Code    16  isr.o(.text.TIMG8_IRQHandler)
    UART0_IRQHandler                         0x0000320d   Thumb Code    76  isr.o(.text.UART0_IRQHandler)
    UART1_IRQHandler                         0x00003261   Thumb Code    80  isr.o(.text.UART1_IRQHandler)
    UART2_IRQHandler                         0x000032bd   Thumb Code    72  isr.o(.text.UART2_IRQHandler)
    UART3_IRQHandler                         0x0000330d   Thumb Code    72  isr.o(.text.UART3_IRQHandler)
    _sys_exit                                0x00003449   Thumb Code     8  zf_common_debug.o(.text._sys_exit)
    afio_init                                0x00003451   Thumb Code   328  zf_driver_gpio.o(.text.afio_init)
    clock_init                               0x000035a9   Thumb Code    26  zf_common_clock.o(.text.clock_init)
    debug_assert_handler                     0x000036fd   Thumb Code    92  zf_common_debug.o(.text.debug_assert_handler)
    debug_init                               0x000037a5   Thumb Code    72  zf_common_debug.o(.text.debug_init)
    debug_interrupr_handler                  0x000037fd   Thumb Code    28  zf_common_debug.o(.text.debug_interrupr_handler)
    debug_output_init                        0x00003b65   Thumb Code    64  zf_common_debug.o(.text.debug_output_init)
    debug_output_struct_init                 0x00003bad   Thumb Code    48  zf_common_debug.o(.text.debug_output_struct_init)
    fifo_init                                0x00003ca9   Thumb Code   136  zf_common_fifo.o(.text.fifo_init)
    fifo_write_buffer                        0x00003d39   Thumb Code   932  zf_common_fifo.o(.text.fifo_write_buffer)
    gpio_init                                0x000040e1   Thumb Code   424  zf_driver_gpio.o(.text.gpio_init)
    gpio_set_level                           0x000042a9   Thumb Code   100  zf_driver_gpio.o(.text.gpio_set_level)
    interrupt_disable                        0x00004315   Thumb Code    22  zf_common_interrupt.o(.text.interrupt_disable)
    interrupt_enable                         0x0000432b   Thumb Code    22  zf_common_interrupt.o(.text.interrupt_enable)
    interrupt_global_disable                 0x00004341   Thumb Code    28  zf_common_interrupt.o(.text.interrupt_global_disable)
    interrupt_init                           0x00004361   Thumb Code     2  zf_common_interrupt.o(.text.interrupt_init)
    interrupt_set_priority                   0x00004363   Thumb Code    30  zf_common_interrupt.o(.text.interrupt_set_priority)
    main                                     0x00004381   Thumb Code    48  main.o(.text.main)
    spi_init                                 0x000044f1   Thumb Code   580  zf_driver_spi.o(.text.spi_init)
    spi_write_16bit_array                    0x0000475d   Thumb Code    64  zf_driver_spi.o(.text.spi_write_16bit_array)
    spi_write_8bit                           0x000047a1   Thumb Code    28  zf_driver_spi.o(.text.spi_write_8bit)
    st7789_clear                             0x000047bd   Thumb Code   172  zf_device_st7789_1.o(.text.st7789_clear)
    st7789_init                              0x00004871   Thumb Code   744  zf_device_st7789_1.o(.text.st7789_init)
    st7789_set_color                         0x00004b71   Thumb Code    28  zf_device_st7789_1.o(.text.st7789_set_color)
    st7789_set_dir                           0x00004b95   Thumb Code    72  zf_device_st7789_1.o(.text.st7789_set_dir)
    st7789_show_char                         0x00004cf1   Thumb Code   452  zf_device_st7789_1.o(.text.st7789_show_char)
    st7789_show_string                       0x00004ed9   Thumb Code   204  zf_device_st7789_1.o(.text.st7789_show_string)
    system_delay_init                        0x00004ff9   Thumb Code     2  zf_driver_delay.o(.text.system_delay_init)
    system_delay_ms                          0x00004ffd   Thumb Code    68  zf_driver_delay.o(.text.system_delay_ms)
    uart_init                                0x0000505d   Thumb Code   336  zf_driver_uart.o(.text.uart_init)
    uart_query_byte                          0x000051c5   Thumb Code    88  zf_driver_uart.o(.text.uart_query_byte)
    uart_set_interrupt_config                0x0000521d   Thumb Code   384  zf_driver_uart.o(.text.uart_set_interrupt_config)
    uart_write_string                        0x000053a5   Thumb Code    88  zf_driver_uart.o(.text.uart_write_string)
    __ARM_common_ll_muluu                    0x00005405   Thumb Code    48  btod.o(i.__ARM_common_ll_muluu)
    __ARM_fpclassify                         0x00005435   Thumb Code    40  fpclassify.o(i.__ARM_fpclassify)
    _is_digit                                0x00005461   Thumb Code    14  __printf_wp.o(i._is_digit)
    _get_lc_numeric                          0x00005471   Thumb Code    44  lc_numeric_c.o(locale$$code)
    _get_lc_ctype                            0x0000549d   Thumb Code    44  lc_ctype_c.o(locale$$code)
    _printf_fp_dec                           0x000054c9   Thumb Code    16  printf1.o(x$fpl$printf1)
    _printf_fp_hex                           0x000054d9   Thumb Code    16  printf2.o(x$fpl$printf2)
    __I$use$fp                               0x000054e8   Number         0  usenofp.o(x$fpl$usenofp)
    ascii_font_8x16                          0x00005664   Data        1520  zf_common_font.o(.rodata.ascii_font_8x16)
    gpio_iomux_index                         0x00005c8c   Data          60  zf_driver_gpio.o(.rodata.gpio_iomux_index)
    Region$$Table$$Base                      0x00005e28   Number         0  anon$$obj.o(Region$$Table)
    Region$$Table$$Limit                     0x00005e48   Number         0  anon$$obj.o(Region$$Table)
    __ctype                                  0x00005e71   Data           0  lc_ctype_c.o(locale$$data)
    exti_callback_ptr_list                   0x20200000   Data         128  zf_driver_exti.o(.data.exti_callback_ptr_list)
    gpio_group                               0x20200080   Data           8  zf_driver_gpio.o(.data.gpio_group)
    pit_callback_ptr_list                    0x20200088   Data          28  zf_driver_pit.o(.data.pit_callback_ptr_list)
    uart_callback_list                       0x202000b8   Data          16  zf_driver_uart.o(.data.uart_callback_list)
    wireless_module_uart_handler             0x202000dc   Data           4  zf_device_type.o(.data.wireless_module_uart_handler)
    __libspace_start                         0x202000e8   Data          96  libspace.o(.bss)
    __temporary_stack_top$libspace           0x20200148   Data           0  libspace.o(.bss)
    debug_uart_buffer                        0x20200160   Data          64  zf_common_debug.o(.bss.debug_uart_buffer)
    debug_uart_data                          0x202001a0   Data           1  zf_common_debug.o(.bss.debug_uart_data)
    debug_uart_fifo                          0x202001a1   Data          22  zf_common_debug.o(.bss.debug_uart_fifo)
    exti_callback_list                       0x202001b8   Data         128  zf_driver_exti.o(.bss.exti_callback_list)
    pit_callback_list                        0x2020023c   Data          28  zf_driver_pit.o(.bss.pit_callback_list)
    uart_callback_ptr_list                   0x2020025c   Data          16  zf_driver_uart.o(.bss.uart_callback_ptr_list)



==============================================================================

Memory Map of the image

  Image Entry point : 0x000000c1

  Load Region LR_IROM1 (Base: 0x00000000, Size: 0x00006060, Max: 0x00020000, ABSOLUTE)

    Execution Region ER_IROM1 (Exec base: 0x00000000, Load base: 0x00000000, Size: 0x00005f74, Max: 0x00020000, ABSOLUTE)

    Exec Addr    Load Addr    Size         Type   Attr      Idx    E Section Name        Object

    0x00000000   0x00000000   0x000000c0   Data   RO         1401    RESET               startup_mspm0g350x_uvision.o
    0x000000c0   0x000000c0   0x00000008   Code   RO         2658  * !!!main             c_p.l(__main.o)
    0x000000c8   0x000000c8   0x00000054   Code   RO         3133    !!!scatter          c_p.l(__scatter.o)
    0x0000011c   0x0000011c   0x00000004   PAD
    0x00000120   0x00000120   0x0000001a   Code   RO         3137    !!handler_copy      c_p.l(__scatter_copy.o)
    0x0000013a   0x0000013a   0x00000006   PAD
    0x00000140   0x00000140   0x00000002   Code   RO         3134    !!handler_null      c_p.l(__scatter.o)
    0x00000142   0x00000142   0x00000006   PAD
    0x00000148   0x00000148   0x0000001c   Code   RO         3139    !!handler_zi        c_p.l(__scatter_zi.o)
    0x00000164   0x00000164   0x00000002   Code   RO         2832    .ARM.Collect$$_printf_percent$$00000000  c_p.l(_printf_percent.o)
    0x00000166   0x00000166   0x0000000a   Code   RO         2821    .ARM.Collect$$_printf_percent$$00000001  c_p.l(_printf_n.o)
    0x00000170   0x00000170   0x0000000a   Code   RO         2823    .ARM.Collect$$_printf_percent$$00000002  c_p.l(_printf_p.o)
    0x0000017a   0x0000017a   0x0000000a   Code   RO         2828    .ARM.Collect$$_printf_percent$$00000003  c_p.l(_printf_f.o)
    0x00000184   0x00000184   0x0000000a   Code   RO         2829    .ARM.Collect$$_printf_percent$$00000004  c_p.l(_printf_e.o)
    0x0000018e   0x0000018e   0x0000000a   Code   RO         2830    .ARM.Collect$$_printf_percent$$00000005  c_p.l(_printf_g.o)
    0x00000198   0x00000198   0x0000000a   Code   RO         2831    .ARM.Collect$$_printf_percent$$00000006  c_p.l(_printf_a.o)
    0x000001a2   0x000001a2   0x0000000a   Code   RO         2836    .ARM.Collect$$_printf_percent$$00000007  c_p.l(_printf_ll.o)
    0x000001ac   0x000001ac   0x0000000a   Code   RO         2825    .ARM.Collect$$_printf_percent$$00000008  c_p.l(_printf_i.o)
    0x000001b6   0x000001b6   0x0000000a   Code   RO         2826    .ARM.Collect$$_printf_percent$$00000009  c_p.l(_printf_d.o)
    0x000001c0   0x000001c0   0x0000000a   Code   RO         2827    .ARM.Collect$$_printf_percent$$0000000A  c_p.l(_printf_u.o)
    0x000001ca   0x000001ca   0x0000000a   Code   RO         2824    .ARM.Collect$$_printf_percent$$0000000B  c_p.l(_printf_o.o)
    0x000001d4   0x000001d4   0x0000000a   Code   RO         2822    .ARM.Collect$$_printf_percent$$0000000C  c_p.l(_printf_x.o)
    0x000001de   0x000001de   0x0000000a   Code   RO         2833    .ARM.Collect$$_printf_percent$$0000000D  c_p.l(_printf_lli.o)
    0x000001e8   0x000001e8   0x0000000a   Code   RO         2834    .ARM.Collect$$_printf_percent$$0000000E  c_p.l(_printf_lld.o)
    0x000001f2   0x000001f2   0x0000000a   Code   RO         2835    .ARM.Collect$$_printf_percent$$0000000F  c_p.l(_printf_llu.o)
    0x000001fc   0x000001fc   0x0000000a   Code   RO         2840    .ARM.Collect$$_printf_percent$$00000010  c_p.l(_printf_llo.o)
    0x00000206   0x00000206   0x0000000a   Code   RO         2841    .ARM.Collect$$_printf_percent$$00000011  c_p.l(_printf_llx.o)
    0x00000210   0x00000210   0x0000000a   Code   RO         2837    .ARM.Collect$$_printf_percent$$00000012  c_p.l(_printf_l.o)
    0x0000021a   0x0000021a   0x0000000a   Code   RO         2819    .ARM.Collect$$_printf_percent$$00000013  c_p.l(_printf_c.o)
    0x00000224   0x00000224   0x0000000a   Code   RO         2820    .ARM.Collect$$_printf_percent$$00000014  c_p.l(_printf_s.o)
    0x0000022e   0x0000022e   0x0000000a   Code   RO         2838    .ARM.Collect$$_printf_percent$$00000015  c_p.l(_printf_lc.o)
    0x00000238   0x00000238   0x0000000a   Code   RO         2839    .ARM.Collect$$_printf_percent$$00000016  c_p.l(_printf_ls.o)
    0x00000242   0x00000242   0x00000004   Code   RO         2929    .ARM.Collect$$_printf_percent$$00000017  c_p.l(_printf_percent_end.o)
    0x00000246   0x00000246   0x00000002   Code   RO         2983    .ARM.Collect$$libinit$$00000000  c_p.l(libinit.o)
    0x00000248   0x00000248   0x00000000   Code   RO         3009    .ARM.Collect$$libinit$$00000002  c_p.l(libinit2.o)
    0x00000248   0x00000248   0x00000000   Code   RO         3011    .ARM.Collect$$libinit$$00000004  c_p.l(libinit2.o)
    0x00000248   0x00000248   0x00000000   Code   RO         3013    .ARM.Collect$$libinit$$00000006  c_p.l(libinit2.o)
    0x00000248   0x00000248   0x00000000   Code   RO         3016    .ARM.Collect$$libinit$$0000000C  c_p.l(libinit2.o)
    0x00000248   0x00000248   0x00000000   Code   RO         3018    .ARM.Collect$$libinit$$0000000E  c_p.l(libinit2.o)
    0x00000248   0x00000248   0x00000000   Code   RO         3020    .ARM.Collect$$libinit$$00000010  c_p.l(libinit2.o)
    0x00000248   0x00000248   0x00000006   Code   RO         3021    .ARM.Collect$$libinit$$00000011  c_p.l(libinit2.o)
    0x0000024e   0x0000024e   0x00000000   Code   RO         3023    .ARM.Collect$$libinit$$00000013  c_p.l(libinit2.o)
    0x0000024e   0x0000024e   0x0000000c   Code   RO         3024    .ARM.Collect$$libinit$$00000014  c_p.l(libinit2.o)
    0x0000025a   0x0000025a   0x00000000   Code   RO         3025    .ARM.Collect$$libinit$$00000015  c_p.l(libinit2.o)
    0x0000025a   0x0000025a   0x00000000   Code   RO         3027    .ARM.Collect$$libinit$$00000017  c_p.l(libinit2.o)
    0x0000025a   0x0000025a   0x0000000a   Code   RO         3028    .ARM.Collect$$libinit$$00000018  c_p.l(libinit2.o)
    0x00000264   0x00000264   0x00000000   Code   RO         3029    .ARM.Collect$$libinit$$00000019  c_p.l(libinit2.o)
    0x00000264   0x00000264   0x00000000   Code   RO         3031    .ARM.Collect$$libinit$$0000001B  c_p.l(libinit2.o)
    0x00000264   0x00000264   0x00000000   Code   RO         3033    .ARM.Collect$$libinit$$0000001D  c_p.l(libinit2.o)
    0x00000264   0x00000264   0x00000000   Code   RO         3035    .ARM.Collect$$libinit$$0000001F  c_p.l(libinit2.o)
    0x00000264   0x00000264   0x00000000   Code   RO         3037    .ARM.Collect$$libinit$$00000021  c_p.l(libinit2.o)
    0x00000264   0x00000264   0x00000000   Code   RO         3039    .ARM.Collect$$libinit$$00000023  c_p.l(libinit2.o)
    0x00000264   0x00000264   0x00000000   Code   RO         3041    .ARM.Collect$$libinit$$00000025  c_p.l(libinit2.o)
    0x00000264   0x00000264   0x00000000   Code   RO         3043    .ARM.Collect$$libinit$$00000027  c_p.l(libinit2.o)
    0x00000264   0x00000264   0x00000000   Code   RO         3047    .ARM.Collect$$libinit$$0000002E  c_p.l(libinit2.o)
    0x00000264   0x00000264   0x00000000   Code   RO         3049    .ARM.Collect$$libinit$$00000030  c_p.l(libinit2.o)
    0x00000264   0x00000264   0x00000000   Code   RO         3051    .ARM.Collect$$libinit$$00000032  c_p.l(libinit2.o)
    0x00000264   0x00000264   0x00000000   Code   RO         3053    .ARM.Collect$$libinit$$00000034  c_p.l(libinit2.o)
    0x00000264   0x00000264   0x00000002   Code   RO         3054    .ARM.Collect$$libinit$$00000035  c_p.l(libinit2.o)
    0x00000266   0x00000266   0x00000002   Code   RO         3086    .ARM.Collect$$libshutdown$$00000000  c_p.l(libshutdown.o)
    0x00000268   0x00000268   0x00000000   Code   RO         3117    .ARM.Collect$$libshutdown$$00000002  c_p.l(libshutdown2.o)
    0x00000268   0x00000268   0x00000000   Code   RO         3119    .ARM.Collect$$libshutdown$$00000004  c_p.l(libshutdown2.o)
    0x00000268   0x00000268   0x00000000   Code   RO         3122    .ARM.Collect$$libshutdown$$00000007  c_p.l(libshutdown2.o)
    0x00000268   0x00000268   0x00000000   Code   RO         3125    .ARM.Collect$$libshutdown$$0000000A  c_p.l(libshutdown2.o)
    0x00000268   0x00000268   0x00000000   Code   RO         3127    .ARM.Collect$$libshutdown$$0000000C  c_p.l(libshutdown2.o)
    0x00000268   0x00000268   0x00000000   Code   RO         3130    .ARM.Collect$$libshutdown$$0000000F  c_p.l(libshutdown2.o)
    0x00000268   0x00000268   0x00000002   Code   RO         3131    .ARM.Collect$$libshutdown$$00000010  c_p.l(libshutdown2.o)
    0x0000026a   0x0000026a   0x00000000   Code   RO         2742    .ARM.Collect$$rtentry$$00000000  c_p.l(__rtentry.o)
    0x0000026a   0x0000026a   0x00000000   Code   RO         2891    .ARM.Collect$$rtentry$$00000002  c_p.l(__rtentry2.o)
    0x0000026a   0x0000026a   0x00000006   Code   RO         2903    .ARM.Collect$$rtentry$$00000004  c_p.l(__rtentry4.o)
    0x00000270   0x00000270   0x00000000   Code   RO         2893    .ARM.Collect$$rtentry$$00000009  c_p.l(__rtentry2.o)
    0x00000270   0x00000270   0x00000004   Code   RO         2894    .ARM.Collect$$rtentry$$0000000A  c_p.l(__rtentry2.o)
    0x00000274   0x00000274   0x00000000   Code   RO         2896    .ARM.Collect$$rtentry$$0000000C  c_p.l(__rtentry2.o)
    0x00000274   0x00000274   0x00000008   Code   RO         2897    .ARM.Collect$$rtentry$$0000000D  c_p.l(__rtentry2.o)
    0x0000027c   0x0000027c   0x00000002   Code   RO         2993    .ARM.Collect$$rtexit$$00000000  c_p.l(rtexit.o)
    0x0000027e   0x0000027e   0x00000000   Code   RO         3058    .ARM.Collect$$rtexit$$00000002  c_p.l(rtexit2.o)
    0x0000027e   0x0000027e   0x00000004   Code   RO         3059    .ARM.Collect$$rtexit$$00000003  c_p.l(rtexit2.o)
    0x00000282   0x00000282   0x00000006   Code   RO         3060    .ARM.Collect$$rtexit$$00000004  c_p.l(rtexit2.o)
    0x00000288   0x00000288   0x00000038   Code   RO         2642    .emb_text           c_p.l(rt_memcpy.o)
    0x000002c0   0x000002c0   0x00000030   Code   RO         1402    .text               startup_mspm0g350x_uvision.o
    0x000002f0   0x000002f0   0x0000002c   Code   RO         2630    .text               c_p.l(sprintf.o)
    0x0000031c   0x0000031c   0x00000044   Code   RO         2640    .text               c_p.l(strlen.o)
    0x00000360   0x00000360   0x00000082   Code   RO         2643    .text               c_p.l(rt_memcpy.o)
    0x000003e2   0x000003e2   0x00000040   Code   RO         2650    .text               c_p.l(rt_memclr.o)
    0x00000422   0x00000422   0x00000002   PAD
    0x00000424   0x00000424   0x0000016c   Code   RO         2652    .text               c_p.l(aeabi_sdiv.o)
    0x00000590   0x00000590   0x00000006   Code   RO         2656    .text               c_p.l(heapauxi.o)
    0x00000596   0x00000596   0x00000002   PAD
    0x00000598   0x00000598   0x00000358   Code   RO         2660    .text               fz_ps.l(daddsub.o)
    0x000008f0   0x000008f0   0x00000448   Code   RO         2686    .text               fz_ps.l(ddiv.o)
    0x00000d38   0x00000d38   0x0000006c   Code   RO         2689    .text               fz_ps.l(dfixi.o)
    0x00000da4   0x00000da4   0x00000058   Code   RO         2693    .text               fz_ps.l(dflti.o)
    0x00000dfc   0x00000dfc   0x00000248   Code   RO         2695    .text               fz_ps.l(dmul.o)
    0x00001044   0x00001044   0x0000004e   Code   RO         2751    .text               c_p.l(_printf_pad.o)
    0x00001092   0x00001092   0x00000024   Code   RO         2753    .text               c_p.l(_printf_truncate.o)
    0x000010b6   0x000010b6   0x00000052   Code   RO         2755    .text               c_p.l(_printf_str.o)
    0x00001108   0x00001108   0x0000006c   Code   RO         2757    .text               c_p.l(_printf_dec.o)
    0x00001174   0x00001174   0x00000026   Code   RO         2759    .text               c_p.l(_printf_charcount.o)
    0x0000119a   0x0000119a   0x00000002   PAD
    0x0000119c   0x0000119c   0x00000030   Code   RO         2761    .text               c_p.l(_printf_char_common.o)
    0x000011cc   0x000011cc   0x0000000a   Code   RO         2763    .text               c_p.l(_sputc.o)
    0x000011d6   0x000011d6   0x00000002   PAD
    0x000011d8   0x000011d8   0x000000bc   Code   RO         2767    .text               c_p.l(_printf_wctomb.o)
    0x00001294   0x00001294   0x00000070   Code   RO         2770    .text               c_p.l(_printf_longlong_dec.o)
    0x00001304   0x00001304   0x00000070   Code   RO         2776    .text               c_p.l(_printf_oct_int_ll.o)
    0x00001374   0x00001374   0x00000098   Code   RO         2796    .text               c_p.l(_printf_hex_int_ll_ptr.o)
    0x0000140c   0x0000140c   0x00000188   Code   RO         2816    .text               c_p.l(__printf_flags_ss_wp.o)
    0x00001594   0x00001594   0x0000007a   Code   RO         2912    .text               c_p.l(lludiv10.o)
    0x0000160e   0x0000160e   0x000000b0   Code   RO         2914    .text               c_p.l(_printf_intcommon.o)
    0x000016be   0x000016be   0x00000002   PAD
    0x000016c0   0x000016c0   0x00000414   Code   RO         2916    .text               c_p.l(_printf_fp_dec.o)
    0x00001ad4   0x00001ad4   0x000002d8   Code   RO         2920    .text               c_p.l(_printf_fp_hex.o)
    0x00001dac   0x00001dac   0x0000002e   Code   RO         2925    .text               c_p.l(_printf_char.o)
    0x00001dda   0x00001dda   0x0000002e   Code   RO         2927    .text               c_p.l(_printf_wchar.o)
    0x00001e08   0x00001e08   0x00000042   Code   RO         2930    .text               c_p.l(_c16rtomb.o)
    0x00001e4a   0x00001e4a   0x00000028   Code   RO         2932    .text               c_p.l(rtudiv10.o)
    0x00001e72   0x00001e72   0x00000002   PAD
    0x00001e74   0x00001e74   0x00000008   Code   RO         2944    .text               c_p.l(libspace.o)
    0x00001e7c   0x00001e7c   0x0000003e   Code   RO         2947    .text               c_p.l(sys_stackheap_outer.o)
    0x00001eba   0x00001eba   0x00000002   PAD
    0x00001ebc   0x00001ebc   0x00000010   Code   RO         2950    .text               c_p.l(rt_ctype_table.o)
    0x00001ecc   0x00001ecc   0x00000008   Code   RO         2955    .text               c_p.l(rt_locale_intlibspace.o)
    0x00001ed4   0x00001ed4   0x00000088   Code   RO         2957    .text               c_p.l(_printf_fp_infnan.o)
    0x00001f5c   0x00001f5c   0x000000d8   Code   RO         2959    .text               c_p.l(bigflt0.o)
    0x00002034   0x00002034   0x00000580   Code   RO         2962    .text               c_p.l(btod.o)
    0x000025b4   0x000025b4   0x00000010   Code   RO         2972    .text               c_p.l(exit.o)
    0x000025c4   0x000025c4   0x00000088   Code   RO         3006    .text               c_p.l(strcmp.o)
    0x0000264c   0x0000264c   0x00000014   Code   RO           69    .text.DL_ADC12_enablePower  zf_common_clock.o
    0x00002660   0x00002660   0x00000010   Code   RO           67    .text.DL_ADC12_reset  zf_common_clock.o
    0x00002670   0x00002670   0x00000014   Code   RO         1544    .text.DL_Common_delayCycles  dl_common.o
    0x00002684   0x00002684   0x00000028   Code   RO          518    .text.DL_Common_updateReg  zf_driver_spi.o
    0x000026ac   0x000026ac   0x00000028   Code   RO          591    .text.DL_Common_updateReg  zf_driver_uart.o
    0x000026d4   0x000026d4   0x00000028   Code   RO         1479    .text.DL_Common_updateReg  ti_msp_dl_config.o
    0x000026fc   0x000026fc   0x00000028   Code   RO         2348    .text.DL_Common_updateReg  dl_spi.o
    0x00002724   0x00002724   0x00000028   Code   RO         2554    .text.DL_Common_updateReg  dl_uart.o
    0x0000274c   0x0000274c   0x0000001c   Code   RO         1441    .text.DL_GPIO_clearInterruptStatus  ti_msp_dl_config.o
    0x00002768   0x00002768   0x00000014   Code   RO         1435    .text.DL_GPIO_clearPins  ti_msp_dl_config.o
    0x0000277c   0x0000277c   0x0000001c   Code   RO         1443    .text.DL_GPIO_enableInterrupt  ti_msp_dl_config.o
    0x00002798   0x00002798   0x00000018   Code   RO         1437    .text.DL_GPIO_enableOutput  ti_msp_dl_config.o
    0x000027b0   0x000027b0   0x00000014   Code   RO           53    .text.DL_GPIO_enablePower  zf_common_clock.o
    0x000027c4   0x000027c4   0x00000014   Code   RO         1425    .text.DL_GPIO_enablePower  ti_msp_dl_config.o
    0x000027d8   0x000027d8   0x00000030   Code   RO         1433    .text.DL_GPIO_initDigitalInputFeatures  ti_msp_dl_config.o
    0x00002808   0x00002808   0x0000002c   Code   RO         1431    .text.DL_GPIO_initDigitalOutputFeatures  ti_msp_dl_config.o
    0x00002834   0x00002834   0x00000018   Code   RO         1429    .text.DL_GPIO_initPeripheralAnalogFunction  ti_msp_dl_config.o
    0x0000284c   0x0000284c   0x00000010   Code   RO           51    .text.DL_GPIO_reset  zf_common_clock.o
    0x0000285c   0x0000285c   0x00000010   Code   RO         1421    .text.DL_GPIO_reset  ti_msp_dl_config.o
    0x0000286c   0x0000286c   0x00000018   Code   RO         1439    .text.DL_GPIO_setUpperPinsPolarity  ti_msp_dl_config.o
    0x00002884   0x00002884   0x00000014   Code   RO          516    .text.DL_SPI_enable  zf_driver_spi.o
    0x00002898   0x00002898   0x00000018   Code   RO           65    .text.DL_SPI_enablePower  zf_common_clock.o
    0x000028b0   0x000028b0   0x00000048   Code   RO         2346    .text.DL_SPI_init   dl_spi.o
    0x000028f8   0x000028f8   0x00000018   Code   RO           63    .text.DL_SPI_reset  zf_common_clock.o
    0x00002910   0x00002910   0x00000024   Code   RO          512    .text.DL_SPI_setBitRateSerialClockDivider  zf_driver_spi.o
    0x00002934   0x00002934   0x00000024   Code   RO         2350    .text.DL_SPI_setClockConfig  dl_spi.o
    0x00002958   0x00002958   0x00000030   Code   RO          514    .text.DL_SPI_setFIFOThreshold  zf_driver_spi.o
    0x00002988   0x00002988   0x000000ec   Code   RO         1447    .text.DL_SYSCTL_configSYSPLL  ti_msp_dl_config.o
    0x00002a74   0x00002a74   0x0000000c   Code   RO         1461    .text.DL_SYSCTL_disableHFXT  ti_msp_dl_config.o
    0x00002a80   0x00002a80   0x00000010   Code   RO         1463    .text.DL_SYSCTL_disableSYSPLL  ti_msp_dl_config.o
    0x00002a90   0x00002a90   0x00000010   Code   RO         1469    .text.DL_SYSCTL_enableMFCLK  ti_msp_dl_config.o
    0x00002aa0   0x00002aa0   0x00000010   Code   RO         1471    .text.DL_SYSCTL_enableMFPCLK  ti_msp_dl_config.o
    0x00002ab0   0x00002ab0   0x0000000c   Code   RO         1449    .text.DL_SYSCTL_getClockStatus  ti_msp_dl_config.o
    0x00002abc   0x00002abc   0x00000018   Code   RO         1455    .text.DL_SYSCTL_setBORThreshold  ti_msp_dl_config.o
    0x00002ad4   0x00002ad4   0x0000001c   Code   RO         1457    .text.DL_SYSCTL_setFlashWaitState  ti_msp_dl_config.o
    0x00002af0   0x00002af0   0x0000001c   Code   RO         1467    .text.DL_SYSCTL_setHFCLKDividerForMFPCLK  ti_msp_dl_config.o
    0x00002b0c   0x00002b0c   0x000000b0   Code   RO         1445    .text.DL_SYSCTL_setHFCLKSourceHFXTParams  ti_msp_dl_config.o
    0x00002bbc   0x00002bbc   0x00000050   Code   RO         1451    .text.DL_SYSCTL_setLFCLKSourceLFXT  ti_msp_dl_config.o
    0x00002c0c   0x00002c0c   0x00000020   Code   RO         1473    .text.DL_SYSCTL_setMFPCLKSource  ti_msp_dl_config.o
    0x00002c2c   0x00002c2c   0x0000001c   Code   RO         1459    .text.DL_SYSCTL_setSYSOSCFreq  ti_msp_dl_config.o
    0x00002c48   0x00002c48   0x00000018   Code   RO         1465    .text.DL_SYSCTL_setULPCLKDivider  ti_msp_dl_config.o
    0x00002c60   0x00002c60   0x00000028   Code   RO         1453    .text.DL_SYSCTL_switchMCLKfromSYSOSCtoHSCLK  ti_msp_dl_config.o
    0x00002c88   0x00002c88   0x0000000c   Code   RO         1477    .text.DL_SYSTICK_enable  ti_msp_dl_config.o
    0x00002c94   0x00002c94   0x00000028   Code   RO         1475    .text.DL_SYSTICK_init  ti_msp_dl_config.o
    0x00002cbc   0x00002cbc   0x00000014   Code   RO           57    .text.DL_Timer_enablePower  zf_common_clock.o
    0x00002cd0   0x00002cd0   0x00000010   Code   RO           55    .text.DL_Timer_reset  zf_common_clock.o
    0x00002ce0   0x00002ce0   0x00000018   Code   RO           30    .text.DL_UART_clearInterruptStatus  isr.o
    0x00002cf8   0x00002cf8   0x00000016   Code   RO         2552    .text.DL_UART_disable  dl_uart.o
    0x00002d0e   0x00002d0e   0x00000002   PAD
    0x00002d10   0x00002d10   0x00000018   Code   RO          579    .text.DL_UART_disableInterrupt  zf_driver_uart.o
    0x00002d28   0x00002d28   0x00000016   Code   RO          589    .text.DL_UART_enable  zf_driver_uart.o
    0x00002d3e   0x00002d3e   0x00000002   PAD
    0x00002d40   0x00002d40   0x0000001c   Code   RO          581    .text.DL_UART_enableInterrupt  zf_driver_uart.o
    0x00002d5c   0x00002d5c   0x00000014   Code   RO           61    .text.DL_UART_enablePower  zf_common_clock.o
    0x00002d70   0x00002d70   0x00000012   Code   RO           28    .text.DL_UART_getPendingInterrupt  isr.o
    0x00002d82   0x00002d82   0x00000002   PAD
    0x00002d84   0x00002d84   0x00000048   Code   RO         2550    .text.DL_UART_init  dl_uart.o
    0x00002dcc   0x00002dcc   0x00000014   Code   RO          559    .text.DL_UART_isBusy  zf_driver_uart.o
    0x00002de0   0x00002de0   0x00000014   Code   RO          569    .text.DL_UART_isRXFIFOEmpty  zf_driver_uart.o
    0x00002df4   0x00002df4   0x00000014   Code   RO          571    .text.DL_UART_receiveData  zf_driver_uart.o
    0x00002e08   0x00002e08   0x00000014   Code   RO           59    .text.DL_UART_reset  zf_common_clock.o
    0x00002e1c   0x00002e1c   0x0000004c   Code   RO          587    .text.DL_UART_setBaudRateDivisor  zf_driver_uart.o
    0x00002e68   0x00002e68   0x00000024   Code   RO         2556    .text.DL_UART_setClockConfig  dl_uart.o
    0x00002e8c   0x00002e8c   0x0000001e   Code   RO          585    .text.DL_UART_setOversampling  zf_driver_uart.o
    0x00002eaa   0x00002eaa   0x00000016   Code   RO          561    .text.DL_UART_transmitData  zf_driver_uart.o
    0x00002ec0   0x00002ec0   0x00000034   Code   RO         2607    .text.DL_VREF_configReference  dl_vref.o
    0x00002ef4   0x00002ef4   0x00000014   Code   RO           73    .text.DL_VREF_enablePower  zf_common_clock.o
    0x00002f08   0x00002f08   0x00000018   Code   RO         1427    .text.DL_VREF_enablePower  ti_msp_dl_config.o
    0x00002f20   0x00002f20   0x00000010   Code   RO           71    .text.DL_VREF_reset  zf_common_clock.o
    0x00002f30   0x00002f30   0x00000018   Code   RO         1423    .text.DL_VREF_reset  ti_msp_dl_config.o
    0x00002f48   0x00002f48   0x000000f0   Code   RO           38    .text.GROUP1_IRQHandler  isr.o
    0x00003038   0x00003038   0x00000078   Code   RO         1413    .text.SYSCFG_DL_GPIO_init  ti_msp_dl_config.o
    0x000030b0   0x000030b0   0x00000068   Code   RO         1415    .text.SYSCFG_DL_SYSCTL_init  ti_msp_dl_config.o
    0x00003118   0x00003118   0x0000000e   Code   RO         1419    .text.SYSCFG_DL_SYSTICK_init  ti_msp_dl_config.o
    0x00003126   0x00003126   0x00000002   PAD
    0x00003128   0x00003128   0x00000010   Code   RO         1417    .text.SYSCFG_DL_VREF_init  ti_msp_dl_config.o
    0x00003138   0x00003138   0x00000018   Code   RO         1409    .text.SYSCFG_DL_init  ti_msp_dl_config.o
    0x00003150   0x00003150   0x00000044   Code   RO         1411    .text.SYSCFG_DL_initPower  ti_msp_dl_config.o
    0x00003194   0x00003194   0x00000010   Code   RO           12    .text.TIMA0_IRQHandler  isr.o
    0x000031a4   0x000031a4   0x00000010   Code   RO           14    .text.TIMA1_IRQHandler  isr.o
    0x000031b4   0x000031b4   0x00000010   Code   RO           16    .text.TIMG0_IRQHandler  isr.o
    0x000031c4   0x000031c4   0x00000010   Code   RO           24    .text.TIMG12_IRQHandler  isr.o
    0x000031d4   0x000031d4   0x00000010   Code   RO           18    .text.TIMG6_IRQHandler  isr.o
    0x000031e4   0x000031e4   0x00000010   Code   RO           20    .text.TIMG7_IRQHandler  isr.o
    0x000031f4   0x000031f4   0x00000018   Code   RO           22    .text.TIMG8_IRQHandler  isr.o
    0x0000320c   0x0000320c   0x00000054   Code   RO           26    .text.UART0_IRQHandler  isr.o
    0x00003260   0x00003260   0x0000005c   Code   RO           32    .text.UART1_IRQHandler  isr.o
    0x000032bc   0x000032bc   0x00000050   Code   RO           34    .text.UART2_IRQHandler  isr.o
    0x0000330c   0x0000330c   0x00000058   Code   RO           36    .text.UART3_IRQHandler  isr.o
    0x00003364   0x00003364   0x00000034   Code   RO          223    .text.__NVIC_DisableIRQ  zf_common_interrupt.o
    0x00003398   0x00003398   0x0000002c   Code   RO          219    .text.__NVIC_EnableIRQ  zf_common_interrupt.o
    0x000033c4   0x000033c4   0x00000084   Code   RO          227    .text.__NVIC_SetPriority  zf_common_interrupt.o
    0x00003448   0x00003448   0x00000008   Code   RO           90    .text._sys_exit     zf_common_debug.o
    0x00003450   0x00003450   0x00000158   Code   RO          357    .text.afio_init     zf_driver_gpio.o
    0x000035a8   0x000035a8   0x0000001a   Code   RO           47    .text.clock_init    zf_common_clock.o
    0x000035c2   0x000035c2   0x00000002   PAD
    0x000035c4   0x000035c4   0x00000138   Code   RO           49    .text.clock_reset   zf_common_clock.o
    0x000036fc   0x000036fc   0x00000068   Code   RO          100    .text.debug_assert_handler  zf_common_debug.o
    0x00003764   0x00003764   0x0000003e   Code   RO          106    .text.debug_delay   zf_common_debug.o
    0x000037a2   0x000037a2   0x00000002   PAD
    0x000037a4   0x000037a4   0x00000058   Code   RO          114    .text.debug_init    zf_common_debug.o
    0x000037fc   0x000037fc   0x00000024   Code   RO           88    .text.debug_interrupr_handler  zf_common_debug.o
    0x00003820   0x00003820   0x00000344   Code   RO          104    .text.debug_output  zf_common_debug.o
    0x00003b64   0x00003b64   0x00000048   Code   RO          112    .text.debug_output_init  zf_common_debug.o
    0x00003bac   0x00003bac   0x00000034   Code   RO          110    .text.debug_output_struct_init  zf_common_debug.o
    0x00003be0   0x00003be0   0x00000002   Code   RO          102    .text.debug_protective_handler  zf_common_debug.o
    0x00003be2   0x00003be2   0x00000012   Code   RO          116    .text.debug_uart_str_output  zf_common_debug.o
    0x00003bf4   0x00003bf4   0x0000000a   Code   RO          330    .text.exti_callbakc_defalut  zf_driver_exti.o
    0x00003bfe   0x00003bfe   0x000000a8   Code   RO          140    .text.fifo_head_offset  zf_common_fifo.o
    0x00003ca6   0x00003ca6   0x00000002   PAD
    0x00003ca8   0x00003ca8   0x00000090   Code   RO          152    .text.fifo_init     zf_common_fifo.o
    0x00003d38   0x00003d38   0x000003a8   Code   RO          142    .text.fifo_write_buffer  zf_common_fifo.o
    0x000040e0   0x000040e0   0x000001c8   Code   RO          355    .text.gpio_init     zf_driver_gpio.o
    0x000042a8   0x000042a8   0x0000006c   Code   RO          347    .text.gpio_set_level  zf_driver_gpio.o
    0x00004314   0x00004314   0x00000016   Code   RO          221    .text.interrupt_disable  zf_common_interrupt.o
    0x0000432a   0x0000432a   0x00000016   Code   RO          217    .text.interrupt_enable  zf_common_interrupt.o
    0x00004340   0x00004340   0x00000020   Code   RO          215    .text.interrupt_global_disable  zf_common_interrupt.o
    0x00004360   0x00004360   0x00000002   Code   RO          229    .text.interrupt_init  zf_common_interrupt.o
    0x00004362   0x00004362   0x0000001e   Code   RO          225    .text.interrupt_set_priority  zf_common_interrupt.o
    0x00004380   0x00004380   0x00000038   Code   RO            2    .text.main          main.o
    0x000043b8   0x000043b8   0x0000000a   Code   RO          369    .text.pit_callbakc_defalut  zf_driver_pit.o
    0x000043c2   0x000043c2   0x00000002   PAD
    0x000043c4   0x000043c4   0x000000b4   Code   RO          478    .text.spi_16bit_data_handler  zf_driver_spi.o
    0x00004478   0x00004478   0x00000078   Code   RO          472    .text.spi_8bit_data_handler  zf_driver_spi.o
    0x000044f0   0x000044f0   0x0000026c   Code   RO          510    .text.spi_init      zf_driver_spi.o
    0x0000475c   0x0000475c   0x00000044   Code   RO          480    .text.spi_write_16bit_array  zf_driver_spi.o
    0x000047a0   0x000047a0   0x0000001c   Code   RO          470    .text.spi_write_8bit  zf_driver_spi.o
    0x000047bc   0x000047bc   0x000000b4   Code   RO         1364    .text.st7789_clear  zf_device_st7789_1.o
    0x00004870   0x00004870   0x00000300   Code   RO         1382    .text.st7789_init   zf_device_st7789_1.o
    0x00004b70   0x00004b70   0x00000024   Code   RO         1374    .text.st7789_set_color  zf_device_st7789_1.o
    0x00004b94   0x00004b94   0x00000054   Code   RO         1370    .text.st7789_set_dir  zf_device_st7789_1.o
    0x00004be8   0x00004be8   0x00000108   Code   RO         1366    .text.st7789_set_region  zf_device_st7789_1.o
    0x00004cf0   0x00004cf0   0x000001e8   Code   RO         1378    .text.st7789_show_char  zf_device_st7789_1.o
    0x00004ed8   0x00004ed8   0x000000dc   Code   RO         1380    .text.st7789_show_string  zf_device_st7789_1.o
    0x00004fb4   0x00004fb4   0x00000044   Code   RO         1384    .text.st7789_write_index  zf_device_st7789_1.o
    0x00004ff8   0x00004ff8   0x00000002   Code   RO          321    .text.system_delay_init  zf_driver_delay.o
    0x00004ffa   0x00004ffa   0x00000002   PAD
    0x00004ffc   0x00004ffc   0x00000054   Code   RO          317    .text.system_delay_ms  zf_driver_delay.o
    0x00005050   0x00005050   0x00000002   Code   RO         1151    .text.type_default_callback  zf_device_type.o
    0x00005052   0x00005052   0x0000000a   Code   RO          555    .text.uart_callbakc_defalut  zf_driver_uart.o
    0x0000505c   0x0000505c   0x00000168   Code   RO          583    .text.uart_init     zf_driver_uart.o
    0x000051c4   0x000051c4   0x00000058   Code   RO          573    .text.uart_query_byte  zf_driver_uart.o
    0x0000521c   0x0000521c   0x00000188   Code   RO          577    .text.uart_set_interrupt_config  zf_driver_uart.o
    0x000053a4   0x000053a4   0x00000060   Code   RO          565    .text.uart_write_string  zf_driver_uart.o
    0x00005404   0x00005404   0x00000030   Code   RO         2965    i.__ARM_common_ll_muluu  c_p.l(btod.o)
    0x00005434   0x00005434   0x0000002c   Code   RO         2940    i.__ARM_fpclassify  m_ps.l(fpclassify.o)
    0x00005460   0x00005460   0x0000000e   Code   RO         2809    i._is_digit         c_p.l(__printf_wp.o)
    0x0000546e   0x0000546e   0x00000002   PAD
    0x00005470   0x00005470   0x0000002c   Code   RO         2970    locale$$code        c_p.l(lc_numeric_c.o)
    0x0000549c   0x0000549c   0x0000002c   Code   RO         3000    locale$$code        c_p.l(lc_ctype_c.o)
    0x000054c8   0x000054c8   0x00000010   Code   RO         2854    x$fpl$printf1       fz_ps.l(printf1.o)
    0x000054d8   0x000054d8   0x00000010   Code   RO         2856    x$fpl$printf2       fz_ps.l(printf2.o)
    0x000054e8   0x000054e8   0x00000000   Code   RO         2862    x$fpl$usenofp       fz_ps.l(usenofp.o)
    0x000054e8   0x000054e8   0x00000080   Data   RO         2687    .constdata          fz_ps.l(ddiv.o)
    0x00005568   0x00005568   0x00000008   Data   RO         2768    .constdata          c_p.l(_printf_wctomb.o)
    0x00005570   0x00005570   0x00000028   Data   RO         2797    .constdata          c_p.l(_printf_hex_int_ll_ptr.o)
    0x00005598   0x00005598   0x00000011   Data   RO         2817    .constdata          c_p.l(__printf_flags_ss_wp.o)
    0x000055a9   0x000055a9   0x00000026   Data   RO         2921    .constdata          c_p.l(_printf_fp_hex.o)
    0x000055cf   0x000055cf   0x00000001   PAD
    0x000055d0   0x000055d0   0x00000094   Data   RO         2960    .constdata          c_p.l(bigflt0.o)
    0x00005664   0x00005664   0x000005f0   Data   RO          162    .rodata.ascii_font_8x16  zf_common_font.o
    0x00005c54   0x00005c54   0x00000003   Data   RO         1482    .rodata.gLFCLKConfig  ti_msp_dl_config.o
    0x00005c57   0x00005c57   0x00000001   PAD
    0x00005c58   0x00005c58   0x00000028   Data   RO         1481    .rodata.gSYSPLLConfig  ti_msp_dl_config.o
    0x00005c80   0x00005c80   0x0000000c   Data   RO         1483    .rodata.gVREFConfig  ti_msp_dl_config.o
    0x00005c8c   0x00005c8c   0x0000003c   Data   RO          360    .rodata.gpio_iomux_index  zf_driver_gpio.o
    0x00005cc8   0x00005cc8   0x00000013   Data   RO            4    .rodata.str1.1      main.o
    0x00005cdb   0x00005cdb   0x00000066   Data   RO          123    .rodata.str1.1      zf_common_debug.o
    0x00005d41   0x00005d41   0x0000002b   Data   RO          154    .rodata.str1.1      zf_common_fifo.o
    0x00005d6c   0x00005d6c   0x0000002b   Data   RO          361    .rodata.str1.1      zf_driver_gpio.o
    0x00005d97   0x00005d97   0x0000002a   Data   RO          520    .rodata.str1.1      zf_driver_spi.o
    0x00005dc1   0x00005dc1   0x0000002b   Data   RO          596    .rodata.str1.1      zf_driver_uart.o
    0x00005dec   0x00005dec   0x0000002d   Data   RO         1392    .rodata.str1.1      zf_device_st7789_1.o
    0x00005e19   0x00005e19   0x00000002   Data   RO          599    .rodata.uart_init.uart_clock_config  zf_driver_uart.o
    0x00005e1b   0x00005e1b   0x00000001   PAD
    0x00005e1c   0x00005e1c   0x0000000a   Data   RO          600    .rodata.uart_init.uart_default_config  zf_driver_uart.o
    0x00005e26   0x00005e26   0x00000002   PAD
    0x00005e28   0x00005e28   0x00000020   Data   RO         3132    Region$$Table       anon$$obj.o
    0x00005e48   0x00005e48   0x0000001c   Data   RO         2969    locale$$data        c_p.l(lc_numeric_c.o)
    0x00005e64   0x00005e64   0x00000110   Data   RO         2999    locale$$data        c_p.l(lc_ctype_c.o)


    Execution Region RW_IRAM2 (Exec base: 0x20200000, Load base: 0x00005f78, Size: 0x00000a78, Max: 0x00008000, ABSOLUTE)

    Exec Addr    Load Addr    Size         Type   Attr      Idx    E Section Name        Object

    0x20200000   0x00005f78   0x00000080   Data   RW          339    .data.exti_callback_ptr_list  zf_driver_exti.o
    0x20200080   0x00005ff8   0x00000008   Data   RW          359    .data.gpio_group    zf_driver_gpio.o
    0x20200088   0x00006000   0x0000001c   Data   RW          382    .data.pit_callback_ptr_list  zf_driver_pit.o
    0x202000a4   0x0000601c   0x00000008   Data   RW          523    .data.spi_list      zf_driver_spi.o
    0x202000ac   0x00006024   0x00000002   Data   RW         1388    .data.st7789_bgcolor  zf_device_st7789_1.o
    0x202000ae   0x00006026   0x00000001   Data   RW         1390    .data.st7789_display_font  zf_device_st7789_1.o
    0x202000af   0x00006027   0x00000001   PAD
    0x202000b0   0x00006028   0x00000002   Data   RW         1387    .data.st7789_height_max  zf_device_st7789_1.o
    0x202000b2   0x0000602a   0x00000002   Data   RW         1391    .data.st7789_pencolor  zf_device_st7789_1.o
    0x202000b4   0x0000602c   0x00000002   Data   RW         1386    .data.st7789_width_max  zf_device_st7789_1.o
    0x202000b6   0x0000602e   0x00000002   PAD
    0x202000b8   0x00006030   0x00000010   Data   RW          594    .data.uart_callback_list  zf_driver_uart.o
    0x202000c8   0x00006040   0x00000004   Data   RW          598    .data.uart_irq      zf_driver_uart.o
    0x202000cc   0x00006044   0x00000010   Data   RW          595    .data.uart_list     zf_driver_uart.o
    0x202000dc   0x00006054   0x00000004   Data   RW         1164    .data.wireless_module_uart_handler  zf_device_type.o
    0x202000e0   0x00006058   0x00000001   Data   RW          121    .data.zf_debug_assert_enable  zf_common_debug.o
    0x202000e1   0x00006059   0x00000007   PAD
    0x202000e8        -       0x00000060   Zero   RW         2945    .bss                c_p.l(libspace.o)
    0x20200148        -       0x00000001   Zero   RW          122    .bss.debug_assert_handler.assert_nest_index  zf_common_debug.o
    0x20200149   0x00006059   0x00000003   PAD
    0x2020014c        -       0x00000014   Zero   RW          124    .bss.debug_output_info  zf_common_debug.o
    0x20200160        -       0x00000040   Zero   RW          125    .bss.debug_uart_buffer  zf_common_debug.o
    0x202001a0        -       0x00000001   Zero   RW          118    .bss.debug_uart_data  zf_common_debug.o
    0x202001a1        -       0x00000016   Zero   RW          119    .bss.debug_uart_fifo  zf_common_debug.o
    0x202001b7   0x00006059   0x00000001   PAD
    0x202001b8        -       0x00000080   Zero   RW          338    .bss.exti_callback_list  zf_driver_exti.o
    0x20200238        -       0x00000004   Zero   RW          231    .bss.interrupt_nest_count  zf_common_interrupt.o
    0x2020023c        -       0x0000001c   Zero   RW          381    .bss.pit_callback_list  zf_driver_pit.o
    0x20200258        -       0x00000001   Zero   RW         1389    .bss.st7789_display_dir  zf_device_st7789_1.o
    0x20200259   0x00006059   0x00000003   PAD
    0x2020025c        -       0x00000010   Zero   RW          593    .bss.uart_callback_ptr_list  zf_driver_uart.o
    0x2020026c        -       0x00000004   Zero   RW          597    .bss.uart_interrupt_state  zf_driver_uart.o
    0x20200270        -       0x00000001   Zero   RW          120    .bss.zf_debug_init_flag  zf_common_debug.o
    0x20200271   0x00006059   0x00000007   PAD
    0x20200278        -       0x00000400   Zero   RW         1400    HEAP                startup_mspm0g350x_uvision.o
    0x20200678        -       0x00000400   Zero   RW         1399    STACK               startup_mspm0g350x_uvision.o



  Load Region LR_BCR (Base: 0x41c00000, Size: 0x00000000, Max: 0x00000100, ABSOLUTE)

    Execution Region BCR_CONFIG (Exec base: 0x41c00000, Load base: 0x41c00000, Size: 0x00000000, Max: 0x00000080, ABSOLUTE)

    **** No section assigned to this execution region ****



  Load Region LR_BSL (Base: 0x41c00100, Size: 0x00000000, Max: 0x00000100, ABSOLUTE)

    Execution Region BSL_CONFIG (Exec base: 0x41c00100, Load base: 0x41c00100, Size: 0x00000000, Max: 0x00000080, ABSOLUTE)

    **** No section assigned to this execution region ****


==============================================================================

Image component sizes


      Code (inc. data)   RO Data    RW Data    ZI Data      Debug   Object Name

        20          0          0          0          0        693   dl_common.o
       148         12          0          0          0      10751   dl_spi.o
       170          8          0          0          0      10795   dl_uart.o
        52          4          0          0          0       2597   dl_vref.o
       746         72          0          0          0       5483   isr.o
        56          8         19          0          0        694   main.o
        48         22        192          0       2048        784   startup_mspm0g350x_uvision.o
      1530        140         55          0          0      16826   ti_msp_dl_config.o
       570         80          0          0          0      11241   zf_common_clock.o
      1278         68        102          1        109       7918   zf_common_debug.o
      1248         12         43          0          0       5776   zf_common_fifo.o
         0          0       1520          0          0        763   zf_common_font.o
       336         20          0          0          4       3672   zf_common_interrupt.o
      2108        128         45          9          1       5614   zf_device_st7789_1.o
         2          0          0          4          0       1982   zf_device_type.o
        86         16          0          0          0       1245   zf_driver_delay.o
        10          0          0        128        128       3795   zf_driver_exti.o
       908        216        103          8          0       6869   zf_driver_gpio.o
        10          0          0         28         28       6823   zf_driver_pit.o
      1160         80         42          8          0      12457   zf_driver_spi.o
      1248        104         55         36         20      12241   zf_driver_uart.o

    ----------------------------------------------------------------------
     11752        990       2212        228       2356     129019   Object Totals
         0          0         32          0          0          0   (incl. Generated)
        18          0          4          6         18          0   (incl. Padding)

    ----------------------------------------------------------------------

      Code (inc. data)   RO Data    RW Data    ZI Data      Debug   Library Member Name

         8          0          0          0          0         68   __main.o
       392          6         17          0          0         76   __printf_flags_ss_wp.o
        14          0          0          0          0         60   __printf_wp.o
         0          0          0          0          0          0   __rtentry.o
        12          0          0          0          0          0   __rtentry2.o
         6          0          0          0          0          0   __rtentry4.o
        86         10          0          0          0          0   __scatter.o
        26          0          0          0          0          0   __scatter_copy.o
        28          0          0          0          0          0   __scatter_zi.o
        66          0          0          0          0         76   _c16rtomb.o
        10          0          0          0          0          0   _printf_a.o
        10          0          0          0          0          0   _printf_c.o
        46          0          0          0          0        100   _printf_char.o
        48          6          0          0          0         88   _printf_char_common.o
        38          0          0          0          0         60   _printf_charcount.o
        10          0          0          0          0          0   _printf_d.o
       108         18          0          0          0         76   _printf_dec.o
        10          0          0          0          0          0   _printf_e.o
        10          0          0          0          0          0   _printf_f.o
      1044         12          0          0          0        116   _printf_fp_dec.o
       728         10         38          0          0         84   _printf_fp_hex.o
       136         16          0          0          0         76   _printf_fp_infnan.o
        10          0          0          0          0          0   _printf_g.o
       152          4         40          0          0        148   _printf_hex_int_ll_ptr.o
        10          0          0          0          0          0   _printf_i.o
       176          0          0          0          0         84   _printf_intcommon.o
        10          0          0          0          0          0   _printf_l.o
        10          0          0          0          0          0   _printf_lc.o
        10          0          0          0          0          0   _printf_ll.o
        10          0          0          0          0          0   _printf_lld.o
        10          0          0          0          0          0   _printf_lli.o
        10          0          0          0          0          0   _printf_llo.o
        10          0          0          0          0          0   _printf_llu.o
        10          0          0          0          0          0   _printf_llx.o
       112         18          0          0          0         76   _printf_longlong_dec.o
        10          0          0          0          0          0   _printf_ls.o
        10          0          0          0          0          0   _printf_n.o
        10          0          0          0          0          0   _printf_o.o
       112         10          0          0          0        112   _printf_oct_int_ll.o
        10          0          0          0          0          0   _printf_p.o
        78          0          0          0          0        100   _printf_pad.o
         2          0          0          0          0          0   _printf_percent.o
         4          0          0          0          0          0   _printf_percent_end.o
        10          0          0          0          0          0   _printf_s.o
        82          0          0          0          0         72   _printf_str.o
        36          0          0          0          0         76   _printf_truncate.o
        10          0          0          0          0          0   _printf_u.o
        46          0          0          0          0        100   _printf_wchar.o
       188          6          8          0          0         80   _printf_wctomb.o
        10          0          0          0          0          0   _printf_x.o
        10          0          0          0          0         60   _sputc.o
       364          4          0          0          0         92   aeabi_sdiv.o
       216          6        148          0          0         80   bigflt0.o
      1456         30          0          0          0        336   btod.o
        16          0          0          0          0         68   exit.o
         6          0          0          0          0        136   heapauxi.o
        44         10        272          0          0         76   lc_ctype_c.o
        44         10         28          0          0         76   lc_numeric_c.o
         2          0          0          0          0          0   libinit.o
        30          0          0          0          0          0   libinit2.o
         2          0          0          0          0          0   libshutdown.o
         2          0          0          0          0          0   libshutdown2.o
         8          4          0          0         96         68   libspace.o
       122          0          0          0          0         72   lludiv10.o
        16          4          0          0          0         76   rt_ctype_table.o
         8          4          0          0          0         68   rt_locale_intlibspace.o
        64          0          0          0          0        108   rt_memclr.o
       186          0          0          0          0        144   rt_memcpy.o
         2          0          0          0          0          0   rtexit.o
        10          0          0          0          0          0   rtexit2.o
        40          0          0          0          0         60   rtudiv10.o
        44          4          0          0          0         84   sprintf.o
       136          4          0          0          0         72   strcmp.o
        68          6          0          0          0         72   strlen.o
        62          0          0          0          0         80   sys_stackheap_outer.o
       856         20          0          0          0        208   daddsub.o
      1096         26        128          0          0        112   ddiv.o
       108         10          0          0          0         72   dfixi.o
        88          0          0          0          0         92   dflti.o
       584         26          0          0          0         84   dmul.o
        16          4          0          0          0         76   printf1.o
        16          4          0          0          0         76   printf2.o
         0          0          0          0          0          0   usenofp.o
        44          4          0          0          0         60   fpclassify.o

    ----------------------------------------------------------------------
      9792        300        680          0         96       4336   Library Totals
        32          4          1          0          0          0   (incl. Padding)

    ----------------------------------------------------------------------

      Code (inc. data)   RO Data    RW Data    ZI Data      Debug   Library Name

      6952        202        551          0         96       3556   c_p.l
      2764         90        128          0          0        720   fz_ps.l
        44          4          0          0          0         60   m_ps.l

    ----------------------------------------------------------------------
      9792        300        680          0         96       4336   Library Totals

    ----------------------------------------------------------------------

==============================================================================


      Code (inc. data)   RO Data    RW Data    ZI Data      Debug   

     21544       1290       2892        228       2452     131067   Grand Totals
     21544       1290       2892        228       2452     131067   ELF Image Totals
     21544       1290       2892        228          0          0   ROM Totals

==============================================================================

    Total RO  Size (Code + RO Data)                24436 (  23.86kB)
    Total RW  Size (RW Data + ZI Data)              2680 (   2.62kB)
    Total ROM Size (Code + RO Data + RW Data)      24664 (  24.09kB)

==============================================================================

