<html>
<body>
<pre>
<h1>µVision Build Log</h1>
<h2>Tool Versions:</h2>
IDE-Version: ¦ÌVision V5.40.0.0
Copyright (C) 2024 ARM Ltd and ARM Germany GmbH. All rights reserved.
License Information: 11 2017600918, 11, LIC=65ISZ-JGY01-EV91R-KS3ML-3HTEG-5B87A
 
Tool Versions:
Toolchain:       MDK-ARM Plus  Version: 5.40.0.3
Toolchain Path:  C:\Users\2017600918\AppData\Local\Keil_v5\ARM\ARMCLANG\Bin
C Compiler:      ArmClang.exe V6.22
Assembler:       Armasm.exe V6.22
Linker/Locator:  ArmLink.exe V6.22
Library Manager: ArmAr.exe V6.22
Hex Converter:   FromElf.exe V6.22
CPU DLL:         SARMCM3.DLL V5.40.0.3
Dialog DLL:      DARMCM1.DLL V1.19.6.0
Target DLL:      CMSIS_AGDI.dll V1.33.18.0
Dialog DLL:      TARMCM1.DLL V1.14.6.0
 
<h2>Project:</h2>
F:\goodstudy\ds2025\MSPM0G3507_Library\SeekFree_MSPM0G3507_Opensource_Library\project\keil\SeekFree_MSPM0G3507_Device_Library.uvprojx
Project File Date:  07/16/2025

<h2>Output:</h2>
*** Using Compiler 'V6.22', folder: 'C:\Users\2017600918\AppData\Local\Keil_v5\ARM\ARMCLANG\Bin'
Build target 'SeekFree_MSPM0G3507_Device_Library'
Note: source file '..\..\libraries\zf_device\zf_device_st7789.c' - object file renamed from '.\Objects\zf_device_st7789.o' to '.\Objects\zf_device_st7789_1.o'.
compiling main.c...
linking...
Program Size: Code=21544 RO-data=2892 RW-data=228 ZI-data=2452  
".\Objects\SeekFree_MSPM0G3507_Device_Library.axf" - 0 Error(s), 0 Warning(s).

<h2>Software Packages used:</h2>

Package Vendor: TexasInstruments
                https://software-dl.ti.com/msp430/esd/MSPM0-CMSIS/MSPM0G1X0X_G3X0X/latest/exports/TexasInstruments.MSPM0G1X0X_G3X0X_DFP.1.3.1.pack
                TexasInstruments::MSPM0G1X0X_G3X0X_DFP@1.3.1
                Device Family Pack for Texas Instruments MSPM0G1X0X_G3X0X Series

<h2>Collection of Component include folders:</h2>

<h2>Collection of Component Files used:</h2>
Build Time Elapsed:  00:00:02
</pre>
</body>
</html>
